******************************************************************************
            TI ARM Clang Linker PC v3.2.2                      
******************************************************************************
>> Linked Tue Jul 29 17:37:42 2025

OUTPUT FILE NAME:   <Test1.out>
ENTRY POINT SYMBOL: "_c_int00_noargs"  address: 000022a9


MEMORY CONFIGURATION

         name            origin    length      used     unused   attr    fill
----------------------  --------  ---------  --------  --------  ----  --------
  FLASH                 00000000   00020000  00002c48  0001d3b8  R  X
  SRAM                  20200000   00008000  000022c7  00005d39  RW X
  BCR_CONFIG            41c00000   00000080  00000000  00000080  R   
  BSL_CONFIG            41c00100   00000080  00000000  00000080  R   


SEGMENT ALLOCATION MAP

run origin  load origin   length   init length attrs members
----------  ----------- ---------- ----------- ----- -------
00000000    00000000    00002c48   00002c48    r-x
  00000000    00000000    000000c0   000000c0    r-- .intvecs
  000000c0    000000c0    00002940   00002940    r-x .text
  00002a00    00002a00    00000218   00000218    r-- .rodata
  00002c18    00002c18    00000030   00000030    r-- .cinit
20200000    20200000    000020c8   00000000    rw-
  20200000    20200000    000010c3   00000000    rw- .bss
  202010c4    202010c4    00001004   00000000    rw- .data
20207e00    20207e00    00000200   00000000    rw-
  20207e00    20207e00    00000200   00000000    rw- .stack


SECTION ALLOCATION MAP

 output                                  attributes/
section   page    origin      length       input sections
--------  ----  ----------  ----------   ----------------
.intvecs   0    00000000    000000c0     
                  00000000    000000c0     startup_mspm0g350x_ticlang.o (.intvecs)

.text      0    000000c0    00002940     
                  000000c0    00000658     libc.a : k_rem_pio2.c.obj (.text.__kernel_rem_pio2)
                  00000718    000001d4            : s_cosf.c.obj (.text.cosf)
                  000008ec    00000192     libclang_rt.builtins.a : adddf3.S.obj (.text.adddf3_subdf3)
                  00000a7e    00000002                            : aeabi_div0.c.obj (.text.__aeabi_idiv0)
                  00000a80    00000144     libc.a : s_floor.c.obj (.text.floor)
                  00000bc4    0000010c     libclang_rt.builtins.a : divdf3.S.obj (.text.__divdf3)
                  00000cd0    000000e8     driverlib.a : dl_timer.o (.text.DL_Timer_initTimerMode)
                  00000db8    000000e4     libclang_rt.builtins.a : muldf3.S.obj (.text.__muldf3)
                  00000e9c    000000dc     driverlib.a : dl_sysctl_mspm0g1x0x_g3x0x.o (.text.DL_SYSCTL_configSYSPLL)
                  00000f78    000000d8     libc.a : s_scalbn.c.obj (.text.scalbn)
                  00001050    000000d8     libclang_rt.builtins.a : addsf3.S.obj (.text)
                  00001128    000000b0     ti_msp_dl_config.o (.text.SYSCFG_DL_initPower)
                  000011d8    000000ac     libc.a : s_cosf.c.obj (.text.__kernel_sindf)
                  00001284    0000009c            : s_cosf.c.obj (.text.__kernel_cosdf)
                  00001320    00000098     ti_msp_dl_config.o (.text.SYSCFG_DL_ADC12_0_init)
                  000013b8    00000098     ti_msp_dl_config.o (.text.SYSCFG_DL_ADC12_1_init)
                  00001450    0000008c     libclang_rt.builtins.a : mulsf3.S.obj (.text.__mulsf3)
                  000014dc    00000088     ti_msp_dl_config.o (.text.SYSCFG_DL_GPIO_init)
                  00001564    00000084     ti_msp_dl_config.o (.text.__NVIC_SetPriority)
                  000015e8    00000078     fft.o (.text.generate_hanning_window)
                  00001660    00000078     libc.a : copy_decompress_lzss.c.obj (.text:decompress:lzss)
                  000016d8    00000008            : aeabi_portable.c.obj (.text.__aeabi_errno_addr)
                  000016e0    00000074     libclang_rt.builtins.a : truncdfsf2.S.obj (.text.__truncdfsf2)
                  00001754    00000070                            : comparedf2.c.obj (.text.__gedf2)
                  000017c4    0000006c                            : comparedf2.c.obj (.text.__ledf2)
                  00001830    00000062                            : aeabi_dcmp.S.obj (.text.__aeabi_dcmp)
                  00001892    00000002     --HOLE-- [fill = 0]
                  00001894    00000058     ti_msp_dl_config.o (.text.SYSCFG_DL_TIMER_0_init)
                  000018ec    00000056     libclang_rt.builtins.a : aeabi_idivmod.S.obj (.text.__aeabi_idivmod)
                  00001942    00000002     --HOLE-- [fill = 0]
                  00001944    00000054     ti_msp_dl_config.o (.text.SYSCFG_DL_UART_0_init)
                  00001998    00000054     ti_msp_dl_config.o (.text.SYSCFG_DL_UART_1_init)
                  000019ec    00000050     ADC.o (.text.ADC0_DMA0_Init)
                  00001a3c    00000050     UART.o (.text.UART0_IRQHandler)
                  00001a8c    0000004c     ti_msp_dl_config.o (.text.DL_ADC12_initSingleSample)
                  00001ad8    0000004c     driverlib.a : dl_dma.o (.text.DL_DMA_initChannel)
                  00001b24    0000004c     ti_msp_dl_config.o (.text.DL_UART_setBaudRateDivisor)
                  00001b70    0000004a     ti_msp_dl_config.o (.text.DL_ADC12_configConversionMem)
                  00001bba    00000002     --HOLE-- [fill = 0]
                  00001bbc    0000004a     libclang_rt.builtins.a : fixdfsi.S.obj (.text.__fixdfsi)
                  00001c06    00000002     --HOLE-- [fill = 0]
                  00001c08    00000048     driverlib.a : dl_uart.o (.text.DL_UART_init)
                  00001c50    00000048     ADC.o (.text.one_ADC0_Start)
                  00001c98    00000044     ADC.o (.text.ADC0_IRQHandler)
                  00001cdc    00000044     ADC.o (.text.ADC1_IRQHandler)
                  00001d20    00000044     ADC.o (.text.ADC_Set_Freq)
                  00001d64    00000044     driverlib.a : dl_sysctl_mspm0g1x0x_g3x0x.o (.text.DL_SYSCTL_switchMCLKfromSYSOSCtoHSCLK)
                  00001da8    00000040                 : dl_adc12.o (.text.DL_ADC12_setClockConfig)
                  00001de8    00000040     ti_msp_dl_config.o (.text.SYSCFG_DL_SYSCTL_init)
                  00001e28    00000040     ti_msp_dl_config.o (.text.SYSCFG_DL_init)
                  00001e68    00000040     libclang_rt.builtins.a : aeabi_uidivmod.S.obj (.text.__aeabi_uidivmod)
                  00001ea8    00000040                            : extendsfdf2.S.obj (.text.__extendsfdf2)
                  00001ee8    0000003c                            : floatsisf.S.obj (.text.__floatsisf)
                  00001f24    0000003c     libc.a : autoinit.c.obj (.text:__TI_auto_init_nobinit_nopinit)
                  00001f60    0000003a     libclang_rt.builtins.a : muldsi3.S.obj (.text.__muldsi3)
                  00001f9a    00000002     --HOLE-- [fill = 0]
                  00001f9c    00000038     ti_msp_dl_config.o (.text.DL_OPA_init)
                  00001fd4    00000038     ti_msp_dl_config.o (.text.DL_Timer_setPublisherChanID)
                  0000200c    00000038     libclang_rt.builtins.a : fixsfsi.S.obj (.text.__fixsfsi)
                  00002044    00000034     empty.o (.text.main)
                  00002078    00000030     ADC.o (.text.DL_DMA_setTransferSize)
                  000020a8    00000030     ti_msp_dl_config.o (.text.DL_GPAMP_init)
                  000020d8    0000002c     ti_msp_dl_config.o (.text.DL_ADC12_setDMASamplesCnt)
                  00002104    0000002c     ti_msp_dl_config.o (.text.SYSCFG_DL_TIMER_1_init)
                  00002130    0000002c     UART.o (.text.__NVIC_ClearPendingIRQ)
                  0000215c    0000002c     ADC.o (.text.__NVIC_EnableIRQ)
                  00002188    0000002c     UART.o (.text.__NVIC_EnableIRQ)
                  000021b4    0000002c     libclang_rt.builtins.a : floatsidf.S.obj (.text.__floatsidf)
                  000021e0    00000028     ti_msp_dl_config.o (.text.DL_Common_updateReg)
                  00002208    00000028     ADC.o (.text.DL_DMA_setDestAddr)
                  00002230    00000028     ADC.o (.text.DL_DMA_setSrcAddr)
                  00002258    00000028     ti_msp_dl_config.o (.text.DL_SYSCTL_setPowerPolicySTANDBY0)
                  00002280    00000028     ti_msp_dl_config.o (.text.DL_Timer_enableEvent)
                  000022a8    00000028     libc.a : boot_cortex_m.c.obj (.text:_c_int00_noargs)
                  000022d0    00000026     ADC.o (.text.DL_DMA_disableChannel)
                  000022f6    00000026     ADC.o (.text.DL_DMA_enableChannel)
                  0000231c    00000024     ti_msp_dl_config.o (.text.DL_UART_setExternalDriverHold)
                  00002340    00000024     ti_msp_dl_config.o (.text.DL_UART_setExternalDriverSetup)
                  00002364    00000024     ti_msp_dl_config.o (.text.SYSCFG_DL_DMA_init)
                  00002388    00000024     libclang_rt.builtins.a : floatunsidf.S.obj (.text.__floatunsidf)
                  000023ac    00000020     ti_msp_dl_config.o (.text.DL_GPIO_initPeripheralInputFunction)
                  000023cc    00000020     ti_msp_dl_config.o (.text.DL_SYSCTL_setFlashWaitState)
                  000023ec    00000020     ti_msp_dl_config.o (.text.SYSCFG_DL_OPA_0_init)
                  0000240c    0000001e     ti_msp_dl_config.o (.text.DL_ADC12_setPowerDownMode)
                  0000242a    0000001e     ti_msp_dl_config.o (.text.DL_DMA_setBurstSize)
                  00002448    0000001e     ti_msp_dl_config.o (.text.DL_UART_setOversampling)
                  00002466    00000002     --HOLE-- [fill = 0]
                  00002468    0000001c     ti_msp_dl_config.o (.text.DL_ADC12_clearInterruptStatus)
                  00002484    0000001c     ti_msp_dl_config.o (.text.DL_ADC12_enableDMA)
                  000024a0    0000001c     ti_msp_dl_config.o (.text.DL_ADC12_enableDMATrigger)
                  000024bc    0000001c     ti_msp_dl_config.o (.text.DL_ADC12_enableFIFO)
                  000024d8    0000001c     ti_msp_dl_config.o (.text.DL_ADC12_enableInterrupt)
                  000024f4    0000001c     ti_msp_dl_config.o (.text.DL_GPIO_initPeripheralOutputFunction)
                  00002510    0000001c     ti_msp_dl_config.o (.text.DL_SYSCTL_setSYSOSCFreq)
                  0000252c    0000001c     ti_msp_dl_config.o (.text.DL_SYSCTL_setULPCLKDivider)
                  00002548    0000001c     driverlib.a : dl_timer.o (.text.DL_Timer_setClockConfig)
                  00002564    0000001c     ti_msp_dl_config.o (.text.DL_UART_enableInterrupt)
                  00002580    0000001a     ti_msp_dl_config.o (.text.DL_ADC12_setSubscriberChanID)
                  0000259a    00000002     --HOLE-- [fill = 0]
                  0000259c    00000018     ADC.o (.text.DL_ADC12_enablePower)
                  000025b4    00000018     ti_msp_dl_config.o (.text.DL_ADC12_enablePower)
                  000025cc    00000018     ti_msp_dl_config.o (.text.DL_ADC12_reset)
                  000025e4    00000018     ti_msp_dl_config.o (.text.DL_ADC12_setSampleTime0)
                  000025fc    00000018     ti_msp_dl_config.o (.text.DL_GPIO_enableOutput)
                  00002614    00000018     ti_msp_dl_config.o (.text.DL_GPIO_enablePower)
                  0000262c    00000018     ti_msp_dl_config.o (.text.DL_GPIO_initDigitalOutput)
                  00002644    00000018     ti_msp_dl_config.o (.text.DL_GPIO_reset)
                  0000265c    00000018     ti_msp_dl_config.o (.text.DL_GPIO_setPins)
                  00002674    00000018     ti_msp_dl_config.o (.text.DL_OPA_enablePower)
                  0000268c    00000018     ti_msp_dl_config.o (.text.DL_OPA_reset)
                  000026a4    00000018     ti_msp_dl_config.o (.text.DL_SYSCTL_setBORThreshold)
                  000026bc    00000018     ti_msp_dl_config.o (.text.DL_Timer_enablePower)
                  000026d4    00000018     ti_msp_dl_config.o (.text.DL_Timer_reset)
                  000026ec    00000018     ADC.o (.text.DL_Timer_startCounter)
                  00002704    00000018     ADC.o (.text.DL_Timer_stopCounter)
                  0000271c    00000018     ti_msp_dl_config.o (.text.DL_UART_enablePower)
                  00002734    00000018     ti_msp_dl_config.o (.text.DL_UART_reset)
                  0000274c    00000018     ADC.o (.text.Double_ADC_Wait)
                  00002764    00000018     ti_msp_dl_config.o (.text.SYSCFG_DL_DMA_CH0_init)
                  0000277c    00000018     ti_msp_dl_config.o (.text.SYSCFG_DL_DMA_CH1_init)
                  00002794    00000016     ti_msp_dl_config.o (.text.DL_ADC12_enableConversions)
                  000027aa    00000016     ti_msp_dl_config.o (.text.DL_DMA_enableRoundRobinPriority)
                  000027c0    00000016     ti_msp_dl_config.o (.text.DL_OPA_enable)
                  000027d6    00000016     ti_msp_dl_config.o (.text.DL_UART_enable)
                  000027ec    00000016     libc.a : k_rem_pio2.c.obj (.text.OUTLINED_FUNCTION_0)
                  00002802    00000002     --HOLE-- [fill = 0]
                  00002804    00000010     libclang_rt.builtins.a : adddf3.S.obj (.tramp.__aeabi_dadd.1)
                  00002814    00000016     UART.o (.text.UART_Init)
                  0000282a    00000014     ADC.o (.text.DL_ADC12_disablePower)
                  0000283e    00000002     --HOLE-- [fill = 0]
                  00002840    00000014     ADC.o (.text.DL_ADC12_getFIFOAddress)
                  00002854    00000014     ti_msp_dl_config.o (.text.DL_GPIO_clearPins)
                  00002868    00000014     ti_msp_dl_config.o (.text.DL_SYSCTL_disableSYSPLL)
                  0000287c    00000014     ti_msp_dl_config.o (.text.DL_Timer_enableClock)
                  00002890    00000014     ADC.o (.text.DL_Timer_setTimerCount)
                  000028a4    00000014     UART.o (.text.DL_UART_receiveData)
                  000028b8    00000014     ti_msp_dl_config.o (.text.SYSCFG_DL_GPAMP_0_init)
                  000028cc    00000014     fft.o (.text.fft_init)
                  000028e0    00000012     ADC.o (.text.DL_ADC12_getPendingInterrupt)
                  000028f2    00000012     UART.o (.text.DL_UART_getPendingInterrupt)
                  00002904    00000012     driverlib.a : dl_uart.o (.text.DL_UART_setClockConfig)
                  00002916    00000012     libc.a : memcpy16.S.obj (.text:TI_memcpy_small)
                  00002928    00000012            : copy_decompress_none.c.obj (.text:decompress:none)
                  0000293a    00000002     --HOLE-- [fill = 0]
                  0000293c    00000010     ti_msp_dl_config.o (.text.DL_GPAMP_enable)
                  0000294c    00000010     ti_msp_dl_config.o (.text.DL_SYSCTL_disableHFXT)
                  0000295c    00000010     libc.a : copy_zero_init.c.obj (.text:decompress:ZI)
                  0000296c    0000000e            : k_rem_pio2.c.obj (.text.OUTLINED_FUNCTION_2)
                  0000297a    0000000e            : memset16.S.obj (.text:TI_memset_small)
                  00002988    0000000c     libclang_rt.builtins.a : aeabi_memset.S.obj (.text.__aeabi_memclr)
                  00002994    0000000a     driverlib.a : dl_common.o (.text.DL_Common_delayCycles)
                  0000299e    0000000a     libc.a : k_rem_pio2.c.obj (.text.OUTLINED_FUNCTION_1)
                  000029a8    0000000a            : s_cosf.c.obj (.text.OUTLINED_FUNCTION_3)
                  000029b2    00000002     --HOLE-- [fill = 0]
                  000029b4    00000008     libclang_rt.builtins.a : aeabi_memcpy.S.obj (.text.__aeabi_memcpy)
                  000029bc    00000006     libc.a : s_cosf.c.obj (.text.OUTLINED_FUNCTION_0)
                  000029c2    00000002     --HOLE-- [fill = 0]
                  000029c4    00000010     libclang_rt.builtins.a : muldf3.S.obj (.tramp.__aeabi_dmul.1)
                  000029d4    00000006     libc.a : s_cosf.c.obj (.text.OUTLINED_FUNCTION_1)
                  000029da    00000004     startup_mspm0g350x_ticlang.o (.text.Default_Handler)
                  000029de    00000004     libc.a : s_cosf.c.obj (.text.OUTLINED_FUNCTION_2)
                  000029e2    00000002     --HOLE-- [fill = 0]
                  000029e4    00000010     libclang_rt.builtins.a : extendsfdf2.S.obj (.tramp.__aeabi_f2d.1)
                  000029f4    00000004     startup_mspm0g350x_ticlang.o (.text.Reset_Handler)
                  000029f8    00000004     libc.a : pre_init.c.obj (.text._system_pre_init)
                  000029fc    00000004            : exit.c.obj (.text:abort)

.cinit     0    00002c18    00000030     
                  00002c18    0000000c     (__TI_handler_table)
                  00002c24    00000009     (.cinit..data.load) [load image, compression = lzss]
                  00002c2d    00000003     --HOLE-- [fill = 0]
                  00002c30    00000008     (.cinit..bss.load) [load image, compression = zero_init]
                  00002c38    00000010     (__TI_cinit_table)

.rodata    0    00002a00    00000218     
                  00002a00    00000108     libc.a : k_rem_pio2.c.obj (.rodata.ipio2)
                  00002b08    00000040            : k_rem_pio2.c.obj (.rodata.PIo2)
                  00002b48    00000028     ti_msp_dl_config.o (.rodata.gSYSPLLConfig)
                  00002b70    00000018     ti_msp_dl_config.o (.rodata.gDMA_CH0Config)
                  00002b88    00000018     ti_msp_dl_config.o (.rodata.gDMA_CH1Config)
                  00002ba0    00000014     ti_msp_dl_config.o (.rodata.gTIMER_0TimerConfig)
                  00002bb4    00000014     ti_msp_dl_config.o (.rodata.gTIMER_1TimerConfig)
                  00002bc8    00000010     libc.a : k_rem_pio2.c.obj (.rodata.cst16)
                  00002bd8    0000000a     ti_msp_dl_config.o (.rodata.gOPA_0Config0)
                  00002be2    0000000a     ti_msp_dl_config.o (.rodata.gUART_0Config)
                  00002bec    0000000a     ti_msp_dl_config.o (.rodata.gUART_1Config)
                  00002bf6    00000002     ti_msp_dl_config.o (.rodata.gUART_0ClockConfig)
                  00002bf8    00000008     ti_msp_dl_config.o (.rodata.gADC12_0ClockConfig)
                  00002c00    00000008     ti_msp_dl_config.o (.rodata.gADC12_1ClockConfig)
                  00002c08    00000008     ti_msp_dl_config.o (.rodata.gGPAMP_0Config)
                  00002c10    00000003     ti_msp_dl_config.o (.rodata.gTIMER_0ClockConfig)
                  00002c13    00000003     ti_msp_dl_config.o (.rodata.gTIMER_1ClockConfig)
                  00002c16    00000002     ti_msp_dl_config.o (.rodata.gUART_1ClockConfig)

.init_array 
*          0    00000000    00000000     UNINITIALIZED

.binit     0    00000000    00000000     

.bss       0    20200000    000010c3     UNINITIALIZED
                  20200000    00001000     (.common:hanning_window)
                  20201000    000000bc     (.common:gTIMER_1Backup)
                  202010bc    00000004     (.common:zs)
                  202010c0    00000002     (.common:gEchoData)
                  202010c2    00000001     (.common:adcflag)

.data      0    202010c4    00001004     UNINITIALIZED
                  202010c4    00001000     empty.o (.data.ADC_Buff0)
                  202020c4    00000004     libc.a : aeabi_portable.c.obj (.data.__aeabi_errno)

.stack     0    20207e00    00000200     UNINITIALIZED
                  20207e00    00000004     libc.a : boot_cortex_m.c.obj (.stack)
                  20207e04    000001fc     --HOLE--

__llvm_prf_cnts 
*          0    20200000    00000000     UNINITIALIZED

__llvm_prf_bits 
*          0    20200000    00000000     UNINITIALIZED

MODULE SUMMARY

       Module                         code    ro data   rw data
       ------                         ----    -------   -------
    .\
       ti_msp_dl_config.o             2906    192       188    
       startup_mspm0g350x_ticlang.o   8       192       0      
    +--+------------------------------+-------+---------+---------+
       Total:                         2914    384       188    
                                                               
    .\Hardware\
       ADC.o                          778     0         1      
       UART.o                         228     0         6      
    +--+------------------------------+-------+---------+---------+
       Total:                         1006    0         7      
                                                               
    .\User\
       fft.o                          140     0         4096   
    +--+------------------------------+-------+---------+---------+
       Total:                         140     0         4096   
                                                               
    .\targetConfigs\
       empty.o                        52      0         4096   
    +--+------------------------------+-------+---------+---------+
       Total:                         52      0         4096   
                                                               
    C:/ti/mspm0_sdk_2_01_00_03/source/ti/driverlib/lib/ticlang/m0p/mspm0g1x0x_g3x0x/driverlib.a
       dl_sysctl_mspm0g1x0x_g3x0x.o   288     0         0      
       dl_timer.o                     260     0         0      
       dl_uart.o                      90      0         0      
       dl_dma.o                       76      0         0      
       dl_adc12.o                     64      0         0      
       dl_common.o                    10      0         0      
    +--+------------------------------+-------+---------+---------+
       Total:                         788     0         0      
                                                               
    C:\ti\ccstheia141\ccs\tools\compiler\ti-cgt-armllvm_3.2.2.LTS\lib\armv6m-ti-none-eabi/c/libc.a
       k_rem_pio2.c.obj               1670    344       0      
       s_cosf.c.obj                   822     0         0      
       s_floor.c.obj                  324     0         0      
       s_scalbn.c.obj                 216     0         0      
       copy_decompress_lzss.c.obj     120     0         0      
       autoinit.c.obj                 60      0         0      
       boot_cortex_m.c.obj            40      0         0      
       copy_decompress_none.c.obj     18      0         0      
       memcpy16.S.obj                 18      0         0      
       copy_zero_init.c.obj           16      0         0      
       memset16.S.obj                 14      0         0      
       aeabi_portable.c.obj           8       0         4      
       exit.c.obj                     4       0         0      
       pre_init.c.obj                 4       0         0      
    +--+------------------------------+-------+---------+---------+
       Total:                         3334    344       4      
                                                               
    C:\ti\ccstheia141\ccs\tools\compiler\ti-cgt-armllvm_3.2.2.LTS\lib\clang/15.0.7/lib/armv6m-ti-none-eabi/libclang_rt.builtins.a
       adddf3.S.obj                   418     0         0      
       divdf3.S.obj                   268     0         0      
       muldf3.S.obj                   244     0         0      
       comparedf2.c.obj               220     0         0      
       addsf3.S.obj                   216     0         0      
       mulsf3.S.obj                   140     0         0      
       truncdfsf2.S.obj               116     0         0      
       aeabi_dcmp.S.obj               98      0         0      
       aeabi_idivmod.S.obj            86      0         0      
       extendsfdf2.S.obj              80      0         0      
       fixdfsi.S.obj                  74      0         0      
       aeabi_uidivmod.S.obj           64      0         0      
       floatsisf.S.obj                60      0         0      
       muldsi3.S.obj                  58      0         0      
       fixsfsi.S.obj                  56      0         0      
       floatsidf.S.obj                44      0         0      
       floatunsidf.S.obj              36      0         0      
       aeabi_memset.S.obj             12      0         0      
       aeabi_memcpy.S.obj             8       0         0      
       aeabi_div0.c.obj               2       0         0      
    +--+------------------------------+-------+---------+---------+
       Total:                         2300    0         0      
                                                               
       Stack:                         0       0         512    
       Linker Generated:              0       45        0      
    +--+------------------------------+-------+---------+---------+
       Grand Total:                   10534   773       8903   


LINKER GENERATED COPY TABLES

__TI_cinit_table @ 00002c38 records: 2, size/record: 8, table size: 16
	.data: load addr=00002c24, load size=00000009 bytes, run addr=202010c4, run size=00001004 bytes, compression=lzss
	.bss: load addr=00002c30, load size=00000008 bytes, run addr=20200000, run size=000010c3 bytes, compression=zero_init


LINKER GENERATED HANDLER TABLE

__TI_handler_table @ 00002c18 records: 3, size/record: 4, table size: 12
	index: 0, handler: __TI_decompress_lzss
	index: 1, handler: __TI_decompress_none
	index: 2, handler: __TI_zero_init


FAR CALL TRAMPOLINES

callee name               trampoline name
   callee addr  tramp addr   call addr  call info
--------------  -----------  ---------  ----------------
__aeabi_dadd              $Tramp$TT$L$PI$$__aeabi_dadd
   000008f7     00002804     00002800   libc.a : k_rem_pio2.c.obj (.text.OUTLINED_FUNCTION_0)
                             000029a6          : k_rem_pio2.c.obj (.text.OUTLINED_FUNCTION_1)
                             000029b0          : s_cosf.c.obj (.text.OUTLINED_FUNCTION_3)
__aeabi_dmul              $Tramp$TT$L$PI$$__aeabi_dmul
   00000db9     000029c4     000029c0   libc.a : s_cosf.c.obj (.text.OUTLINED_FUNCTION_0)
                             000029d8          : s_cosf.c.obj (.text.OUTLINED_FUNCTION_1)
__aeabi_f2d               $Tramp$TT$L$PI$$__aeabi_f2d
   00001ea9     000029e4     000029e0   libc.a : s_cosf.c.obj (.text.OUTLINED_FUNCTION_2)

[3 trampolines]
[6 trampoline calls]


GLOBAL SYMBOLS: SORTED ALPHABETICALLY BY Name 

address   name                                 
-------   ----                                 
000019ed  ADC0_DMA0_Init                       
00001c99  ADC0_IRQHandler                      
00001cdd  ADC1_IRQHandler                      
202010c4  ADC_Buff0                            
00001d21  ADC_Set_Freq                         
000029db  AES_IRQHandler                       
000029fc  C$$EXIT                              
000029db  CANFD0_IRQHandler                    
000029db  DAC0_IRQHandler                      
00001da9  DL_ADC12_setClockConfig              
00002995  DL_Common_delayCycles                
00001ad9  DL_DMA_initChannel                   
00000e9d  DL_SYSCTL_configSYSPLL               
00001d65  DL_SYSCTL_switchMCLKfromSYSOSCtoHSCLK
00000cd1  DL_Timer_initTimerMode               
00002549  DL_Timer_setClockConfig              
00001c09  DL_UART_init                         
00002905  DL_UART_setClockConfig               
000029db  DMA_IRQHandler                       
000029db  Default_Handler                      
0000274d  Double_ADC_Wait                      
000029db  GROUP0_IRQHandler                    
000029db  GROUP1_IRQHandler                    
000029db  HardFault_Handler                    
000029db  I2C0_IRQHandler                      
000029db  I2C1_IRQHandler                      
000029db  NMI_Handler                          
000029db  PendSV_Handler                       
000029db  RTC_IRQHandler                       
000029f5  Reset_Handler                        
000029db  SPI0_IRQHandler                      
000029db  SPI1_IRQHandler                      
000029db  SVC_Handler                          
00001321  SYSCFG_DL_ADC12_0_init               
000013b9  SYSCFG_DL_ADC12_1_init               
00002765  SYSCFG_DL_DMA_CH0_init               
0000277d  SYSCFG_DL_DMA_CH1_init               
00002365  SYSCFG_DL_DMA_init                   
000028b9  SYSCFG_DL_GPAMP_0_init               
000014dd  SYSCFG_DL_GPIO_init                  
000023ed  SYSCFG_DL_OPA_0_init                 
00001de9  SYSCFG_DL_SYSCTL_init                
00001895  SYSCFG_DL_TIMER_0_init               
00002105  SYSCFG_DL_TIMER_1_init               
00001945  SYSCFG_DL_UART_0_init                
00001999  SYSCFG_DL_UART_1_init                
00001e29  SYSCFG_DL_init                       
00001129  SYSCFG_DL_initPower                  
000029db  SysTick_Handler                      
000029db  TIMA0_IRQHandler                     
000029db  TIMA1_IRQHandler                     
000029db  TIMG0_IRQHandler                     
000029db  TIMG12_IRQHandler                    
000029db  TIMG6_IRQHandler                     
000029db  TIMG7_IRQHandler                     
000029db  TIMG8_IRQHandler                     
00002917  TI_memcpy_small                      
0000297b  TI_memset_small                      
00001a3d  UART0_IRQHandler                     
000029db  UART1_IRQHandler                     
000029db  UART2_IRQHandler                     
000029db  UART3_IRQHandler                     
00002815  UART_Init                            
20208000  __STACK_END                          
00000200  __STACK_SIZE                         
00000000  __TI_ATRegion0_region_sz             
00000000  __TI_ATRegion0_src_addr              
00000000  __TI_ATRegion0_trg_addr              
00000000  __TI_ATRegion1_region_sz             
00000000  __TI_ATRegion1_src_addr              
00000000  __TI_ATRegion1_trg_addr              
00000000  __TI_ATRegion2_region_sz             
00000000  __TI_ATRegion2_src_addr              
00000000  __TI_ATRegion2_trg_addr              
00002c38  __TI_CINIT_Base                      
00002c48  __TI_CINIT_Limit                     
00002c48  __TI_CINIT_Warm                      
00002c18  __TI_Handler_Table_Base              
00002c24  __TI_Handler_Table_Limit             
00001f25  __TI_auto_init_nobinit_nopinit       
00001661  __TI_decompress_lzss                 
00002929  __TI_decompress_none                 
ffffffff  __TI_pprof_out_hndl                  
ffffffff  __TI_prof_data_size                  
ffffffff  __TI_prof_data_start                 
00000000  __TI_static_base__                   
0000295d  __TI_zero_init                       
000008f7  __adddf3                             
0000105b  __addsf3                             
000016e1  __aeabi_d2f                          
00001bbd  __aeabi_d2iz                         
000008f7  __aeabi_dadd                         
00001831  __aeabi_dcmpeq                       
0000186d  __aeabi_dcmpge                       
00001881  __aeabi_dcmpgt                       
00001859  __aeabi_dcmple                       
00001845  __aeabi_dcmplt                       
00000bc5  __aeabi_ddiv                         
00000db9  __aeabi_dmul                         
000008ed  __aeabi_dsub                         
202020c4  __aeabi_errno                        
000016d9  __aeabi_errno_addr                   
00001ea9  __aeabi_f2d                          
0000200d  __aeabi_f2iz                         
0000105b  __aeabi_fadd                         
00001451  __aeabi_fmul                         
00001051  __aeabi_fsub                         
000021b5  __aeabi_i2d                          
00001ee9  __aeabi_i2f                          
000018ed  __aeabi_idiv                         
00000a7f  __aeabi_idiv0                        
000018ed  __aeabi_idivmod                      
00002989  __aeabi_memclr                       
00002989  __aeabi_memclr4                      
00002989  __aeabi_memclr8                      
000029b5  __aeabi_memcpy                       
000029b5  __aeabi_memcpy4                      
000029b5  __aeabi_memcpy8                      
00002389  __aeabi_ui2d                         
00001e69  __aeabi_uidiv                        
00001e69  __aeabi_uidivmod                     
ffffffff  __binit__                            
000017c5  __cmpdf2                             
00000bc5  __divdf3                             
000017c5  __eqdf2                              
00001ea9  __extendsfdf2                        
00001bbd  __fixdfsi                            
0000200d  __fixsfsi                            
000021b5  __floatsidf                          
00001ee9  __floatsisf                          
00002389  __floatunsidf                        
00001755  __gedf2                              
00001755  __gtdf2                              
000000c1  __kernel_rem_pio2                    
000017c5  __ledf2                              
000017c5  __ltdf2                              
UNDEFED   __mpu_init                           
00000db9  __muldf3                             
00001f61  __muldsi3                            
00001451  __mulsf3                             
000017c5  __nedf2                              
20207e00  __stack                              
20200000  __start___llvm_prf_bits              
20200000  __start___llvm_prf_cnts              
20200000  __stop___llvm_prf_bits               
20200000  __stop___llvm_prf_cnts               
000008ed  __subdf3                             
00001051  __subsf3                             
000016e1  __truncdfsf2                         
000022a9  _c_int00_noargs                      
UNDEFED   _system_post_cinit                   
000029f9  _system_pre_init                     
000029fd  abort                                
202010c2  adcflag                              
ffffffff  binit                                
00000719  cosf                                 
000028cd  fft_init                             
00000a81  floor                                
00000a81  floorl                               
202010c0  gEchoData                            
20201000  gTIMER_1Backup                       
000015e9  generate_hanning_window              
20200000  hanning_window                       
00000000  interruptVectors                     
00000f79  ldexp                                
00000f79  ldexpl                               
00002045  main                                 
00001c51  one_ADC0_Start                       
00000f79  scalbn                               
00000f79  scalbnl                              
202010bc  zs                                   


GLOBAL SYMBOLS: SORTED BY Symbol Address 

address   name                                 
-------   ----                                 
00000000  __TI_ATRegion0_region_sz             
00000000  __TI_ATRegion0_src_addr              
00000000  __TI_ATRegion0_trg_addr              
00000000  __TI_ATRegion1_region_sz             
00000000  __TI_ATRegion1_src_addr              
00000000  __TI_ATRegion1_trg_addr              
00000000  __TI_ATRegion2_region_sz             
00000000  __TI_ATRegion2_src_addr              
00000000  __TI_ATRegion2_trg_addr              
00000000  __TI_static_base__                   
00000000  interruptVectors                     
000000c1  __kernel_rem_pio2                    
00000200  __STACK_SIZE                         
00000719  cosf                                 
000008ed  __aeabi_dsub                         
000008ed  __subdf3                             
000008f7  __adddf3                             
000008f7  __aeabi_dadd                         
00000a7f  __aeabi_idiv0                        
00000a81  floor                                
00000a81  floorl                               
00000bc5  __aeabi_ddiv                         
00000bc5  __divdf3                             
00000cd1  DL_Timer_initTimerMode               
00000db9  __aeabi_dmul                         
00000db9  __muldf3                             
00000e9d  DL_SYSCTL_configSYSPLL               
00000f79  ldexp                                
00000f79  ldexpl                               
00000f79  scalbn                               
00000f79  scalbnl                              
00001051  __aeabi_fsub                         
00001051  __subsf3                             
0000105b  __addsf3                             
0000105b  __aeabi_fadd                         
00001129  SYSCFG_DL_initPower                  
00001321  SYSCFG_DL_ADC12_0_init               
000013b9  SYSCFG_DL_ADC12_1_init               
00001451  __aeabi_fmul                         
00001451  __mulsf3                             
000014dd  SYSCFG_DL_GPIO_init                  
000015e9  generate_hanning_window              
00001661  __TI_decompress_lzss                 
000016d9  __aeabi_errno_addr                   
000016e1  __aeabi_d2f                          
000016e1  __truncdfsf2                         
00001755  __gedf2                              
00001755  __gtdf2                              
000017c5  __cmpdf2                             
000017c5  __eqdf2                              
000017c5  __ledf2                              
000017c5  __ltdf2                              
000017c5  __nedf2                              
00001831  __aeabi_dcmpeq                       
00001845  __aeabi_dcmplt                       
00001859  __aeabi_dcmple                       
0000186d  __aeabi_dcmpge                       
00001881  __aeabi_dcmpgt                       
00001895  SYSCFG_DL_TIMER_0_init               
000018ed  __aeabi_idiv                         
000018ed  __aeabi_idivmod                      
00001945  SYSCFG_DL_UART_0_init                
00001999  SYSCFG_DL_UART_1_init                
000019ed  ADC0_DMA0_Init                       
00001a3d  UART0_IRQHandler                     
00001ad9  DL_DMA_initChannel                   
00001bbd  __aeabi_d2iz                         
00001bbd  __fixdfsi                            
00001c09  DL_UART_init                         
00001c51  one_ADC0_Start                       
00001c99  ADC0_IRQHandler                      
00001cdd  ADC1_IRQHandler                      
00001d21  ADC_Set_Freq                         
00001d65  DL_SYSCTL_switchMCLKfromSYSOSCtoHSCLK
00001da9  DL_ADC12_setClockConfig              
00001de9  SYSCFG_DL_SYSCTL_init                
00001e29  SYSCFG_DL_init                       
00001e69  __aeabi_uidiv                        
00001e69  __aeabi_uidivmod                     
00001ea9  __aeabi_f2d                          
00001ea9  __extendsfdf2                        
00001ee9  __aeabi_i2f                          
00001ee9  __floatsisf                          
00001f25  __TI_auto_init_nobinit_nopinit       
00001f61  __muldsi3                            
0000200d  __aeabi_f2iz                         
0000200d  __fixsfsi                            
00002045  main                                 
00002105  SYSCFG_DL_TIMER_1_init               
000021b5  __aeabi_i2d                          
000021b5  __floatsidf                          
000022a9  _c_int00_noargs                      
00002365  SYSCFG_DL_DMA_init                   
00002389  __aeabi_ui2d                         
00002389  __floatunsidf                        
000023ed  SYSCFG_DL_OPA_0_init                 
00002549  DL_Timer_setClockConfig              
0000274d  Double_ADC_Wait                      
00002765  SYSCFG_DL_DMA_CH0_init               
0000277d  SYSCFG_DL_DMA_CH1_init               
00002815  UART_Init                            
000028b9  SYSCFG_DL_GPAMP_0_init               
000028cd  fft_init                             
00002905  DL_UART_setClockConfig               
00002917  TI_memcpy_small                      
00002929  __TI_decompress_none                 
0000295d  __TI_zero_init                       
0000297b  TI_memset_small                      
00002989  __aeabi_memclr                       
00002989  __aeabi_memclr4                      
00002989  __aeabi_memclr8                      
00002995  DL_Common_delayCycles                
000029b5  __aeabi_memcpy                       
000029b5  __aeabi_memcpy4                      
000029b5  __aeabi_memcpy8                      
000029db  AES_IRQHandler                       
000029db  CANFD0_IRQHandler                    
000029db  DAC0_IRQHandler                      
000029db  DMA_IRQHandler                       
000029db  Default_Handler                      
000029db  GROUP0_IRQHandler                    
000029db  GROUP1_IRQHandler                    
000029db  HardFault_Handler                    
000029db  I2C0_IRQHandler                      
000029db  I2C1_IRQHandler                      
000029db  NMI_Handler                          
000029db  PendSV_Handler                       
000029db  RTC_IRQHandler                       
000029db  SPI0_IRQHandler                      
000029db  SPI1_IRQHandler                      
000029db  SVC_Handler                          
000029db  SysTick_Handler                      
000029db  TIMA0_IRQHandler                     
000029db  TIMA1_IRQHandler                     
000029db  TIMG0_IRQHandler                     
000029db  TIMG12_IRQHandler                    
000029db  TIMG6_IRQHandler                     
000029db  TIMG7_IRQHandler                     
000029db  TIMG8_IRQHandler                     
000029db  UART1_IRQHandler                     
000029db  UART2_IRQHandler                     
000029db  UART3_IRQHandler                     
000029f5  Reset_Handler                        
000029f9  _system_pre_init                     
000029fc  C$$EXIT                              
000029fd  abort                                
00002c18  __TI_Handler_Table_Base              
00002c24  __TI_Handler_Table_Limit             
00002c38  __TI_CINIT_Base                      
00002c48  __TI_CINIT_Limit                     
00002c48  __TI_CINIT_Warm                      
20200000  __start___llvm_prf_bits              
20200000  __start___llvm_prf_cnts              
20200000  __stop___llvm_prf_bits               
20200000  __stop___llvm_prf_cnts               
20200000  hanning_window                       
20201000  gTIMER_1Backup                       
202010bc  zs                                   
202010c0  gEchoData                            
202010c2  adcflag                              
202010c4  ADC_Buff0                            
202020c4  __aeabi_errno                        
20207e00  __stack                              
20208000  __STACK_END                          
ffffffff  __TI_pprof_out_hndl                  
ffffffff  __TI_prof_data_size                  
ffffffff  __TI_prof_data_start                 
ffffffff  __binit__                            
ffffffff  binit                                
UNDEFED   __mpu_init                           
UNDEFED   _system_post_cinit                   

[171 symbols]
