<?xml version="1.0" encoding="ISO-8859-1" ?>
<link_info>
   <banner>TI ARM Clang Linker PC v3.2.2.LTS</banner>
   <copyright>Copyright (c) 1996-2018 Texas Instruments Incorporated</copyright>
   <link_time>0x68889666</link_time>
   <link_errors>0x0</link_errors>
   <output_file>C:\Users\34723\workspace_ccstheia\Test1\Debug\Test1.out</output_file>
   <entry_point>
      <name>_c_int00_noargs</name>
      <address>0x22a9</address>
   </entry_point>
   <input_file_list>
      <input_file id="fl-1">
         <path>C:\Users\34723\workspace_ccstheia\Test1\Debug\.\</path>
         <kind>object</kind>
         <file>ti_msp_dl_config.o</file>
         <name>ti_msp_dl_config.o</name>
      </input_file>
      <input_file id="fl-2">
         <path>C:\Users\34723\workspace_ccstheia\Test1\Debug\.\</path>
         <kind>object</kind>
         <file>startup_mspm0g350x_ticlang.o</file>
         <name>startup_mspm0g350x_ticlang.o</name>
      </input_file>
      <input_file id="fl-3">
         <path>C:\Users\34723\workspace_ccstheia\Test1\Debug\.\Hardware\</path>
         <kind>object</kind>
         <file>ADC.o</file>
         <name>ADC.o</name>
      </input_file>
      <input_file id="fl-4">
         <path>C:\Users\34723\workspace_ccstheia\Test1\Debug\.\Hardware\</path>
         <kind>object</kind>
         <file>Delay.o</file>
         <name>Delay.o</name>
      </input_file>
      <input_file id="fl-5">
         <path>C:\Users\34723\workspace_ccstheia\Test1\Debug\.\Hardware\</path>
         <kind>object</kind>
         <file>LED.o</file>
         <name>LED.o</name>
      </input_file>
      <input_file id="fl-6">
         <path>C:\Users\34723\workspace_ccstheia\Test1\Debug\.\Hardware\</path>
         <kind>object</kind>
         <file>UART.o</file>
         <name>UART.o</name>
      </input_file>
      <input_file id="fl-7">
         <path>C:\Users\34723\workspace_ccstheia\Test1\Debug\.\Hardware\</path>
         <kind>object</kind>
         <file>easy_fft.o</file>
         <name>easy_fft.o</name>
      </input_file>
      <input_file id="fl-8">
         <path>C:\Users\34723\workspace_ccstheia\Test1\Debug\.\User\</path>
         <kind>object</kind>
         <file>AD9833.o</file>
         <name>AD9833.o</name>
      </input_file>
      <input_file id="fl-9">
         <path>C:\Users\34723\workspace_ccstheia\Test1\Debug\.\User\</path>
         <kind>object</kind>
         <file>PeripheralInit.o</file>
         <name>PeripheralInit.o</name>
      </input_file>
      <input_file id="fl-a">
         <path>C:\Users\34723\workspace_ccstheia\Test1\Debug\.\User\</path>
         <kind>object</kind>
         <file>fft.o</file>
         <name>fft.o</name>
      </input_file>
      <input_file id="fl-b">
         <path>C:\Users\34723\workspace_ccstheia\Test1\Debug\.\targetConfigs\</path>
         <kind>object</kind>
         <file>empty.o</file>
         <name>empty.o</name>
      </input_file>
      <input_file id="fl-1a">
         <path>C:\Users\34723\workspace_ccstheia\Test1\Debug\</path>
         <kind>object</kind>
         <file>&lt;internal&gt;</file>
         <name>&lt;internal&gt;</name>
      </input_file>
      <input_file id="fl-1b">
         <path>C:\ti\mspm0_sdk_2_01_00_03\source\third_party\CMSIS\DSP\lib\ticlang\m0p\</path>
         <kind>archive</kind>
         <file>arm_cortexM0l_math.a</file>
         <name>arm_const_structs.o</name>
      </input_file>
      <input_file id="fl-1c">
         <path>C:\ti\mspm0_sdk_2_01_00_03\source\third_party\CMSIS\DSP\lib\ticlang\m0p\</path>
         <kind>archive</kind>
         <file>arm_cortexM0l_math.a</file>
         <name>arm_cmplx_mag_f32.o</name>
      </input_file>
      <input_file id="fl-1d">
         <path>C:\ti\mspm0_sdk_2_01_00_03\source\third_party\CMSIS\DSP\lib\ticlang\m0p\</path>
         <kind>archive</kind>
         <file>arm_cortexM0l_math.a</file>
         <name>arm_max_f32.o</name>
      </input_file>
      <input_file id="fl-1e">
         <path>C:\ti\mspm0_sdk_2_01_00_03\source\third_party\CMSIS\DSP\lib\ticlang\m0p\</path>
         <kind>archive</kind>
         <file>arm_cortexM0l_math.a</file>
         <name>arm_cfft_f32.o</name>
      </input_file>
      <input_file id="fl-1f">
         <path>C:\ti\mspm0_sdk_2_01_00_03\source\third_party\CMSIS\DSP\lib\ticlang\m0p\</path>
         <kind>archive</kind>
         <file>arm_cortexM0l_math.a</file>
         <name>arm_cfft_radix8_f32.o</name>
      </input_file>
      <input_file id="fl-20">
         <path>C:\ti\mspm0_sdk_2_01_00_03\source\third_party\CMSIS\DSP\lib\ticlang\m0p\</path>
         <kind>archive</kind>
         <file>arm_cortexM0l_math.a</file>
         <name>arm_common_tables.o</name>
      </input_file>
      <input_file id="fl-21">
         <path>C:\ti\mspm0_sdk_2_01_00_03\source\third_party\CMSIS\DSP\lib\ticlang\m0p\</path>
         <kind>archive</kind>
         <file>arm_cortexM0l_math.a</file>
         <name>arm_bitreversal2.o</name>
      </input_file>
      <input_file id="fl-22">
         <path>C:\ti\mspm0_sdk_2_01_00_03\source\ti\driverlib\lib\ticlang\m0p\mspm0g1x0x_g3x0x\</path>
         <kind>archive</kind>
         <file>driverlib.a</file>
         <name>dl_adc12.o</name>
      </input_file>
      <input_file id="fl-23">
         <path>C:\ti\mspm0_sdk_2_01_00_03\source\ti\driverlib\lib\ticlang\m0p\mspm0g1x0x_g3x0x\</path>
         <kind>archive</kind>
         <file>driverlib.a</file>
         <name>dl_common.o</name>
      </input_file>
      <input_file id="fl-24">
         <path>C:\ti\mspm0_sdk_2_01_00_03\source\ti\driverlib\lib\ticlang\m0p\mspm0g1x0x_g3x0x\</path>
         <kind>archive</kind>
         <file>driverlib.a</file>
         <name>dl_dma.o</name>
      </input_file>
      <input_file id="fl-25">
         <path>C:\ti\mspm0_sdk_2_01_00_03\source\ti\driverlib\lib\ticlang\m0p\mspm0g1x0x_g3x0x\</path>
         <kind>archive</kind>
         <file>driverlib.a</file>
         <name>dl_timer.o</name>
      </input_file>
      <input_file id="fl-26">
         <path>C:\ti\mspm0_sdk_2_01_00_03\source\ti\driverlib\lib\ticlang\m0p\mspm0g1x0x_g3x0x\</path>
         <kind>archive</kind>
         <file>driverlib.a</file>
         <name>dl_uart.o</name>
      </input_file>
      <input_file id="fl-27">
         <path>C:\ti\mspm0_sdk_2_01_00_03\source\ti\driverlib\lib\ticlang\m0p\mspm0g1x0x_g3x0x\</path>
         <kind>archive</kind>
         <file>driverlib.a</file>
         <name>dl_sysctl_mspm0g1x0x_g3x0x.o</name>
      </input_file>
      <input_file id="fl-36">
         <path>C:\ti\ccstheia141\ccs\tools\compiler\ti-cgt-armllvm_3.2.2.LTS\lib\armv6m-ti-none-eabi\c\</path>
         <kind>archive</kind>
         <file>libc.a</file>
         <name>e_sqrtf.c.obj</name>
      </input_file>
      <input_file id="fl-37">
         <path>C:\ti\ccstheia141\ccs\tools\compiler\ti-cgt-armllvm_3.2.2.LTS\lib\armv6m-ti-none-eabi\c\</path>
         <kind>archive</kind>
         <file>libc.a</file>
         <name>s_cosf.c.obj</name>
      </input_file>
      <input_file id="fl-38">
         <path>C:\ti\ccstheia141\ccs\tools\compiler\ti-cgt-armllvm_3.2.2.LTS\lib\armv6m-ti-none-eabi\c\</path>
         <kind>archive</kind>
         <file>libc.a</file>
         <name>e_atan2.c.obj</name>
      </input_file>
      <input_file id="fl-39">
         <path>C:\ti\ccstheia141\ccs\tools\compiler\ti-cgt-armllvm_3.2.2.LTS\lib\armv6m-ti-none-eabi\c\</path>
         <kind>archive</kind>
         <file>libc.a</file>
         <name>e_sqrt.c.obj</name>
      </input_file>
      <input_file id="fl-3a">
         <path>C:\ti\ccstheia141\ccs\tools\compiler\ti-cgt-armllvm_3.2.2.LTS\lib\armv6m-ti-none-eabi\c\</path>
         <kind>archive</kind>
         <file>libc.a</file>
         <name>s_atan.c.obj</name>
      </input_file>
      <input_file id="fl-3b">
         <path>C:\ti\ccstheia141\ccs\tools\compiler\ti-cgt-armllvm_3.2.2.LTS\lib\armv6m-ti-none-eabi\c\</path>
         <kind>archive</kind>
         <file>libc.a</file>
         <name>aeabi_portable.c.obj</name>
      </input_file>
      <input_file id="fl-3c">
         <path>C:\ti\ccstheia141\ccs\tools\compiler\ti-cgt-armllvm_3.2.2.LTS\lib\armv6m-ti-none-eabi\c\</path>
         <kind>archive</kind>
         <file>libc.a</file>
         <name>k_rem_pio2.c.obj</name>
      </input_file>
      <input_file id="fl-3d">
         <path>C:\ti\ccstheia141\ccs\tools\compiler\ti-cgt-armllvm_3.2.2.LTS\lib\armv6m-ti-none-eabi\c\</path>
         <kind>archive</kind>
         <file>libc.a</file>
         <name>assert.c.obj</name>
      </input_file>
      <input_file id="fl-3e">
         <path>C:\ti\ccstheia141\ccs\tools\compiler\ti-cgt-armllvm_3.2.2.LTS\lib\armv6m-ti-none-eabi\c\</path>
         <kind>archive</kind>
         <file>libc.a</file>
         <name>defs.c.obj</name>
      </input_file>
      <input_file id="fl-3f">
         <path>C:\ti\ccstheia141\ccs\tools\compiler\ti-cgt-armllvm_3.2.2.LTS\lib\armv6m-ti-none-eabi\c\</path>
         <kind>archive</kind>
         <file>libc.a</file>
         <name>memory.c.obj</name>
      </input_file>
      <input_file id="fl-40">
         <path>C:\ti\ccstheia141\ccs\tools\compiler\ti-cgt-armllvm_3.2.2.LTS\lib\armv6m-ti-none-eabi\c\</path>
         <kind>archive</kind>
         <file>libc.a</file>
         <name>boot_cortex_m.c.obj</name>
      </input_file>
      <input_file id="fl-41">
         <path>C:\ti\ccstheia141\ccs\tools\compiler\ti-cgt-armllvm_3.2.2.LTS\lib\armv6m-ti-none-eabi\c\</path>
         <kind>archive</kind>
         <file>libc.a</file>
         <name>mathacl_init.c.obj</name>
      </input_file>
      <input_file id="fl-42">
         <path>C:\ti\ccstheia141\ccs\tools\compiler\ti-cgt-armllvm_3.2.2.LTS\lib\armv6m-ti-none-eabi\c\</path>
         <kind>archive</kind>
         <file>libc.a</file>
         <name>autoinit.c.obj</name>
      </input_file>
      <input_file id="fl-43">
         <path>C:\ti\ccstheia141\ccs\tools\compiler\ti-cgt-armllvm_3.2.2.LTS\lib\armv6m-ti-none-eabi\c\</path>
         <kind>archive</kind>
         <file>libc.a</file>
         <name>pre_init.c.obj</name>
      </input_file>
      <input_file id="fl-44">
         <path>C:\ti\ccstheia141\ccs\tools\compiler\ti-cgt-armllvm_3.2.2.LTS\lib\armv6m-ti-none-eabi\c\</path>
         <kind>archive</kind>
         <file>libc.a</file>
         <name>cpy_tbl.c.obj</name>
      </input_file>
      <input_file id="fl-45">
         <path>C:\ti\ccstheia141\ccs\tools\compiler\ti-cgt-armllvm_3.2.2.LTS\lib\armv6m-ti-none-eabi\c\</path>
         <kind>archive</kind>
         <file>libc.a</file>
         <name>copy_zero_init.c.obj</name>
      </input_file>
      <input_file id="fl-46">
         <path>C:\ti\ccstheia141\ccs\tools\compiler\ti-cgt-armllvm_3.2.2.LTS\lib\armv6m-ti-none-eabi\c\</path>
         <kind>archive</kind>
         <file>libc.a</file>
         <name>copy_decompress_none.c.obj</name>
      </input_file>
      <input_file id="fl-47">
         <path>C:\ti\ccstheia141\ccs\tools\compiler\ti-cgt-armllvm_3.2.2.LTS\lib\armv6m-ti-none-eabi\c\</path>
         <kind>archive</kind>
         <file>libc.a</file>
         <name>copy_decompress_lzss.c.obj</name>
      </input_file>
      <input_file id="fl-48">
         <path>C:\ti\ccstheia141\ccs\tools\compiler\ti-cgt-armllvm_3.2.2.LTS\lib\armv6m-ti-none-eabi\c\</path>
         <kind>archive</kind>
         <file>libc.a</file>
         <name>sprintf.c.obj</name>
      </input_file>
      <input_file id="fl-49">
         <path>C:\ti\ccstheia141\ccs\tools\compiler\ti-cgt-armllvm_3.2.2.LTS\lib\armv6m-ti-none-eabi\c\</path>
         <kind>archive</kind>
         <file>libc.a</file>
         <name>fflush.c.obj</name>
      </input_file>
      <input_file id="fl-4a">
         <path>C:\ti\ccstheia141\ccs\tools\compiler\ti-cgt-armllvm_3.2.2.LTS\lib\armv6m-ti-none-eabi\c\</path>
         <kind>archive</kind>
         <file>libc.a</file>
         <name>fputs.c.obj</name>
      </input_file>
      <input_file id="fl-4b">
         <path>C:\ti\ccstheia141\ccs\tools\compiler\ti-cgt-armllvm_3.2.2.LTS\lib\armv6m-ti-none-eabi\c\</path>
         <kind>archive</kind>
         <file>libc.a</file>
         <name>_io_perm.c.obj</name>
      </input_file>
      <input_file id="fl-4c">
         <path>C:\ti\ccstheia141\ccs\tools\compiler\ti-cgt-armllvm_3.2.2.LTS\lib\armv6m-ti-none-eabi\c\</path>
         <kind>archive</kind>
         <file>libc.a</file>
         <name>setvbuf.c.obj</name>
      </input_file>
      <input_file id="fl-4d">
         <path>C:\ti\ccstheia141\ccs\tools\compiler\ti-cgt-armllvm_3.2.2.LTS\lib\armv6m-ti-none-eabi\c\</path>
         <kind>archive</kind>
         <file>libc.a</file>
         <name>s_floor.c.obj</name>
      </input_file>
      <input_file id="fl-4e">
         <path>C:\ti\ccstheia141\ccs\tools\compiler\ti-cgt-armllvm_3.2.2.LTS\lib\armv6m-ti-none-eabi\c\</path>
         <kind>archive</kind>
         <file>libc.a</file>
         <name>s_scalbn.c.obj</name>
      </input_file>
      <input_file id="fl-4f">
         <path>C:\ti\ccstheia141\ccs\tools\compiler\ti-cgt-armllvm_3.2.2.LTS\lib\armv6m-ti-none-eabi\c\</path>
         <kind>archive</kind>
         <file>libc.a</file>
         <name>exit.c.obj</name>
      </input_file>
      <input_file id="fl-50">
         <path>C:\ti\ccstheia141\ccs\tools\compiler\ti-cgt-armllvm_3.2.2.LTS\lib\armv6m-ti-none-eabi\c\</path>
         <kind>archive</kind>
         <file>libc.a</file>
         <name>_lock.c.obj</name>
      </input_file>
      <input_file id="fl-51">
         <path>C:\ti\ccstheia141\ccs\tools\compiler\ti-cgt-armllvm_3.2.2.LTS\lib\armv6m-ti-none-eabi\c\</path>
         <kind>archive</kind>
         <file>libc.a</file>
         <name>args_main.c.obj</name>
      </input_file>
      <input_file id="fl-52">
         <path>C:\ti\ccstheia141\ccs\tools\compiler\ti-cgt-armllvm_3.2.2.LTS\lib\armv6m-ti-none-eabi\c\</path>
         <kind>archive</kind>
         <file>libc.a</file>
         <name>_printfi.c.obj</name>
      </input_file>
      <input_file id="fl-53">
         <path>C:\ti\ccstheia141\ccs\tools\compiler\ti-cgt-armllvm_3.2.2.LTS\lib\armv6m-ti-none-eabi\c\</path>
         <kind>archive</kind>
         <file>libc.a</file>
         <name>fopen.c.obj</name>
      </input_file>
      <input_file id="fl-54">
         <path>C:\ti\ccstheia141\ccs\tools\compiler\ti-cgt-armllvm_3.2.2.LTS\lib\armv6m-ti-none-eabi\c\</path>
         <kind>archive</kind>
         <file>libc.a</file>
         <name>fseek.c.obj</name>
      </input_file>
      <input_file id="fl-55">
         <path>C:\ti\ccstheia141\ccs\tools\compiler\ti-cgt-armllvm_3.2.2.LTS\lib\armv6m-ti-none-eabi\c\</path>
         <kind>archive</kind>
         <file>libc.a</file>
         <name>s_frexp.c.obj</name>
      </input_file>
      <input_file id="fl-56">
         <path>C:\ti\ccstheia141\ccs\tools\compiler\ti-cgt-armllvm_3.2.2.LTS\lib\armv6m-ti-none-eabi\c\</path>
         <kind>archive</kind>
         <file>libc.a</file>
         <name>_ltoa.c.obj</name>
      </input_file>
      <input_file id="fl-57">
         <path>C:\ti\ccstheia141\ccs\tools\compiler\ti-cgt-armllvm_3.2.2.LTS\lib\armv6m-ti-none-eabi\c\</path>
         <kind>archive</kind>
         <file>libc.a</file>
         <name>atoi.c.obj</name>
      </input_file>
      <input_file id="fl-58">
         <path>C:\ti\ccstheia141\ccs\tools\compiler\ti-cgt-armllvm_3.2.2.LTS\lib\armv6m-ti-none-eabi\c\</path>
         <kind>archive</kind>
         <file>libc.a</file>
         <name>memccpy.c.obj</name>
      </input_file>
      <input_file id="fl-59">
         <path>C:\ti\ccstheia141\ccs\tools\compiler\ti-cgt-armllvm_3.2.2.LTS\lib\armv6m-ti-none-eabi\c\</path>
         <kind>archive</kind>
         <file>libc.a</file>
         <name>wcslen.c.obj</name>
      </input_file>
      <input_file id="fl-5a">
         <path>C:\ti\ccstheia141\ccs\tools\compiler\ti-cgt-armllvm_3.2.2.LTS\lib\armv6m-ti-none-eabi\c\</path>
         <kind>archive</kind>
         <file>libc.a</file>
         <name>fclose.c.obj</name>
      </input_file>
      <input_file id="fl-5b">
         <path>C:\ti\ccstheia141\ccs\tools\compiler\ti-cgt-armllvm_3.2.2.LTS\lib\armv6m-ti-none-eabi\c\</path>
         <kind>archive</kind>
         <file>libc.a</file>
         <name>aeabi_ctype.S.obj</name>
      </input_file>
      <input_file id="fl-c1">
         <path>C:\ti\ccstheia141\ccs\tools\compiler\ti-cgt-armllvm_3.2.2.LTS\lib\armv6m-ti-none-eabi\c\</path>
         <kind>archive</kind>
         <file>libsysbm.a</file>
         <name>write.c.obj</name>
      </input_file>
      <input_file id="fl-c2">
         <path>C:\ti\ccstheia141\ccs\tools\compiler\ti-cgt-armllvm_3.2.2.LTS\lib\armv6m-ti-none-eabi\c\</path>
         <kind>archive</kind>
         <file>libsysbm.a</file>
         <name>host_device.c.obj</name>
      </input_file>
      <input_file id="fl-c3">
         <path>C:\ti\ccstheia141\ccs\tools\compiler\ti-cgt-armllvm_3.2.2.LTS\lib\armv6m-ti-none-eabi\c\</path>
         <kind>archive</kind>
         <file>libsysbm.a</file>
         <name>remove.c.obj</name>
      </input_file>
      <input_file id="fl-c4">
         <path>C:\ti\ccstheia141\ccs\tools\compiler\ti-cgt-armllvm_3.2.2.LTS\lib\armv6m-ti-none-eabi\c\</path>
         <kind>archive</kind>
         <file>libsysbm.a</file>
         <name>open.c.obj</name>
      </input_file>
      <input_file id="fl-c5">
         <path>C:\ti\ccstheia141\ccs\tools\compiler\ti-cgt-armllvm_3.2.2.LTS\lib\armv6m-ti-none-eabi\c\</path>
         <kind>archive</kind>
         <file>libsysbm.a</file>
         <name>lseek.c.obj</name>
      </input_file>
      <input_file id="fl-c6">
         <path>C:\ti\ccstheia141\ccs\tools\compiler\ti-cgt-armllvm_3.2.2.LTS\lib\armv6m-ti-none-eabi\c\</path>
         <kind>archive</kind>
         <file>libsysbm.a</file>
         <name>close.c.obj</name>
      </input_file>
      <input_file id="fl-c7">
         <path>C:\ti\ccstheia141\ccs\tools\compiler\ti-cgt-armllvm_3.2.2.LTS\lib\armv6m-ti-none-eabi\c\</path>
         <kind>archive</kind>
         <file>libsysbm.a</file>
         <name>unlink.c.obj</name>
      </input_file>
      <input_file id="fl-c8">
         <path>C:\ti\ccstheia141\ccs\tools\compiler\ti-cgt-armllvm_3.2.2.LTS\lib\armv6m-ti-none-eabi\c\</path>
         <kind>archive</kind>
         <file>libsysbm.a</file>
         <name>hostclose.c.obj</name>
      </input_file>
      <input_file id="fl-c9">
         <path>C:\ti\ccstheia141\ccs\tools\compiler\ti-cgt-armllvm_3.2.2.LTS\lib\armv6m-ti-none-eabi\c\</path>
         <kind>archive</kind>
         <file>libsysbm.a</file>
         <name>hostlseek.c.obj</name>
      </input_file>
      <input_file id="fl-ca">
         <path>C:\ti\ccstheia141\ccs\tools\compiler\ti-cgt-armllvm_3.2.2.LTS\lib\armv6m-ti-none-eabi\c\</path>
         <kind>archive</kind>
         <file>libsysbm.a</file>
         <name>hostopen.c.obj</name>
      </input_file>
      <input_file id="fl-cb">
         <path>C:\ti\ccstheia141\ccs\tools\compiler\ti-cgt-armllvm_3.2.2.LTS\lib\armv6m-ti-none-eabi\c\</path>
         <kind>archive</kind>
         <file>libsysbm.a</file>
         <name>hostread.c.obj</name>
      </input_file>
      <input_file id="fl-cc">
         <path>C:\ti\ccstheia141\ccs\tools\compiler\ti-cgt-armllvm_3.2.2.LTS\lib\armv6m-ti-none-eabi\c\</path>
         <kind>archive</kind>
         <file>libsysbm.a</file>
         <name>hostrename.c.obj</name>
      </input_file>
      <input_file id="fl-cd">
         <path>C:\ti\ccstheia141\ccs\tools\compiler\ti-cgt-armllvm_3.2.2.LTS\lib\armv6m-ti-none-eabi\c\</path>
         <kind>archive</kind>
         <file>libsysbm.a</file>
         <name>hostunlink.c.obj</name>
      </input_file>
      <input_file id="fl-ce">
         <path>C:\ti\ccstheia141\ccs\tools\compiler\ti-cgt-armllvm_3.2.2.LTS\lib\armv6m-ti-none-eabi\c\</path>
         <kind>archive</kind>
         <file>libsysbm.a</file>
         <name>hostwrite.c.obj</name>
      </input_file>
      <input_file id="fl-cf">
         <path>C:\ti\ccstheia141\ccs\tools\compiler\ti-cgt-armllvm_3.2.2.LTS\lib\armv6m-ti-none-eabi\c\</path>
         <kind>archive</kind>
         <file>libsysbm.a</file>
         <name>trgmsg.c.obj</name>
      </input_file>
      <input_file id="fl-d0">
         <path>C:\ti\ccstheia141\ccs\tools\compiler\ti-cgt-armllvm_3.2.2.LTS\lib\clang\15.0.7\lib\armv6m-ti-none-eabi\</path>
         <kind>archive</kind>
         <file>libclang_rt.builtins.a</file>
         <name>addsf3.S.obj</name>
      </input_file>
      <input_file id="fl-d1">
         <path>C:\ti\ccstheia141\ccs\tools\compiler\ti-cgt-armllvm_3.2.2.LTS\lib\clang\15.0.7\lib\armv6m-ti-none-eabi\</path>
         <kind>archive</kind>
         <file>libclang_rt.builtins.a</file>
         <name>adddf3.S.obj</name>
      </input_file>
      <input_file id="fl-d2">
         <path>C:\ti\ccstheia141\ccs\tools\compiler\ti-cgt-armllvm_3.2.2.LTS\lib\clang\15.0.7\lib\armv6m-ti-none-eabi\</path>
         <kind>archive</kind>
         <file>libclang_rt.builtins.a</file>
         <name>muldf3.S.obj</name>
      </input_file>
      <input_file id="fl-d3">
         <path>C:\ti\ccstheia141\ccs\tools\compiler\ti-cgt-armllvm_3.2.2.LTS\lib\clang\15.0.7\lib\armv6m-ti-none-eabi\</path>
         <kind>archive</kind>
         <file>libclang_rt.builtins.a</file>
         <name>muldsi3.S.obj</name>
      </input_file>
      <input_file id="fl-d4">
         <path>C:\ti\ccstheia141\ccs\tools\compiler\ti-cgt-armllvm_3.2.2.LTS\lib\clang\15.0.7\lib\armv6m-ti-none-eabi\</path>
         <kind>archive</kind>
         <file>libclang_rt.builtins.a</file>
         <name>mulsf3.S.obj</name>
      </input_file>
      <input_file id="fl-d5">
         <path>C:\ti\ccstheia141\ccs\tools\compiler\ti-cgt-armllvm_3.2.2.LTS\lib\clang\15.0.7\lib\armv6m-ti-none-eabi\</path>
         <kind>archive</kind>
         <file>libclang_rt.builtins.a</file>
         <name>divsf3.S.obj</name>
      </input_file>
      <input_file id="fl-d6">
         <path>C:\ti\ccstheia141\ccs\tools\compiler\ti-cgt-armllvm_3.2.2.LTS\lib\clang\15.0.7\lib\armv6m-ti-none-eabi\</path>
         <kind>archive</kind>
         <file>libclang_rt.builtins.a</file>
         <name>divdf3.S.obj</name>
      </input_file>
      <input_file id="fl-d7">
         <path>C:\ti\ccstheia141\ccs\tools\compiler\ti-cgt-armllvm_3.2.2.LTS\lib\clang\15.0.7\lib\armv6m-ti-none-eabi\</path>
         <kind>archive</kind>
         <file>libclang_rt.builtins.a</file>
         <name>extendsfdf2.S.obj</name>
      </input_file>
      <input_file id="fl-d8">
         <path>C:\ti\ccstheia141\ccs\tools\compiler\ti-cgt-armllvm_3.2.2.LTS\lib\clang\15.0.7\lib\armv6m-ti-none-eabi\</path>
         <kind>archive</kind>
         <file>libclang_rt.builtins.a</file>
         <name>fixdfsi.S.obj</name>
      </input_file>
      <input_file id="fl-d9">
         <path>C:\ti\ccstheia141\ccs\tools\compiler\ti-cgt-armllvm_3.2.2.LTS\lib\clang\15.0.7\lib\armv6m-ti-none-eabi\</path>
         <kind>archive</kind>
         <file>libclang_rt.builtins.a</file>
         <name>fixsfsi.S.obj</name>
      </input_file>
      <input_file id="fl-da">
         <path>C:\ti\ccstheia141\ccs\tools\compiler\ti-cgt-armllvm_3.2.2.LTS\lib\clang\15.0.7\lib\armv6m-ti-none-eabi\</path>
         <kind>archive</kind>
         <file>libclang_rt.builtins.a</file>
         <name>fixunsdfsi.S.obj</name>
      </input_file>
      <input_file id="fl-db">
         <path>C:\ti\ccstheia141\ccs\tools\compiler\ti-cgt-armllvm_3.2.2.LTS\lib\clang\15.0.7\lib\armv6m-ti-none-eabi\</path>
         <kind>archive</kind>
         <file>libclang_rt.builtins.a</file>
         <name>floatsidf.S.obj</name>
      </input_file>
      <input_file id="fl-dc">
         <path>C:\ti\ccstheia141\ccs\tools\compiler\ti-cgt-armllvm_3.2.2.LTS\lib\clang\15.0.7\lib\armv6m-ti-none-eabi\</path>
         <kind>archive</kind>
         <file>libclang_rt.builtins.a</file>
         <name>floatsisf.S.obj</name>
      </input_file>
      <input_file id="fl-dd">
         <path>C:\ti\ccstheia141\ccs\tools\compiler\ti-cgt-armllvm_3.2.2.LTS\lib\clang\15.0.7\lib\armv6m-ti-none-eabi\</path>
         <kind>archive</kind>
         <file>libclang_rt.builtins.a</file>
         <name>floatunsidf.S.obj</name>
      </input_file>
      <input_file id="fl-de">
         <path>C:\ti\ccstheia141\ccs\tools\compiler\ti-cgt-armllvm_3.2.2.LTS\lib\clang\15.0.7\lib\armv6m-ti-none-eabi\</path>
         <kind>archive</kind>
         <file>libclang_rt.builtins.a</file>
         <name>floatunsisf.S.obj</name>
      </input_file>
      <input_file id="fl-df">
         <path>C:\ti\ccstheia141\ccs\tools\compiler\ti-cgt-armllvm_3.2.2.LTS\lib\clang\15.0.7\lib\armv6m-ti-none-eabi\</path>
         <kind>archive</kind>
         <file>libclang_rt.builtins.a</file>
         <name>muldi3.S.obj</name>
      </input_file>
      <input_file id="fl-e0">
         <path>C:\ti\ccstheia141\ccs\tools\compiler\ti-cgt-armllvm_3.2.2.LTS\lib\clang\15.0.7\lib\armv6m-ti-none-eabi\</path>
         <kind>archive</kind>
         <file>libclang_rt.builtins.a</file>
         <name>truncdfsf2.S.obj</name>
      </input_file>
      <input_file id="fl-e1">
         <path>C:\ti\ccstheia141\ccs\tools\compiler\ti-cgt-armllvm_3.2.2.LTS\lib\clang\15.0.7\lib\armv6m-ti-none-eabi\</path>
         <kind>archive</kind>
         <file>libclang_rt.builtins.a</file>
         <name>aeabi_dcmp.S.obj</name>
      </input_file>
      <input_file id="fl-e2">
         <path>C:\ti\ccstheia141\ccs\tools\compiler\ti-cgt-armllvm_3.2.2.LTS\lib\clang\15.0.7\lib\armv6m-ti-none-eabi\</path>
         <kind>archive</kind>
         <file>libclang_rt.builtins.a</file>
         <name>aeabi_fcmp.S.obj</name>
      </input_file>
      <input_file id="fl-e3">
         <path>C:\ti\ccstheia141\ccs\tools\compiler\ti-cgt-armllvm_3.2.2.LTS\lib\clang\15.0.7\lib\armv6m-ti-none-eabi\</path>
         <kind>archive</kind>
         <file>libclang_rt.builtins.a</file>
         <name>aeabi_idivmod.S.obj</name>
      </input_file>
      <input_file id="fl-e4">
         <path>C:\ti\ccstheia141\ccs\tools\compiler\ti-cgt-armllvm_3.2.2.LTS\lib\clang\15.0.7\lib\armv6m-ti-none-eabi\</path>
         <kind>archive</kind>
         <file>libclang_rt.builtins.a</file>
         <name>aeabi_memcpy.S.obj</name>
      </input_file>
      <input_file id="fl-e5">
         <path>C:\ti\ccstheia141\ccs\tools\compiler\ti-cgt-armllvm_3.2.2.LTS\lib\clang\15.0.7\lib\armv6m-ti-none-eabi\</path>
         <kind>archive</kind>
         <file>libclang_rt.builtins.a</file>
         <name>aeabi_memset.S.obj</name>
      </input_file>
      <input_file id="fl-e6">
         <path>C:\ti\ccstheia141\ccs\tools\compiler\ti-cgt-armllvm_3.2.2.LTS\lib\clang\15.0.7\lib\armv6m-ti-none-eabi\</path>
         <kind>archive</kind>
         <file>libclang_rt.builtins.a</file>
         <name>aeabi_uidivmod.S.obj</name>
      </input_file>
      <input_file id="fl-e7">
         <path>C:\ti\ccstheia141\ccs\tools\compiler\ti-cgt-armllvm_3.2.2.LTS\lib\clang\15.0.7\lib\armv6m-ti-none-eabi\</path>
         <kind>archive</kind>
         <file>libclang_rt.builtins.a</file>
         <name>aeabi_uldivmod.S.obj</name>
      </input_file>
      <input_file id="fl-e8">
         <path>C:\ti\ccstheia141\ccs\tools\compiler\ti-cgt-armllvm_3.2.2.LTS\lib\clang\15.0.7\lib\armv6m-ti-none-eabi\</path>
         <kind>archive</kind>
         <file>libclang_rt.builtins.a</file>
         <name>comparesf2.S.obj</name>
      </input_file>
      <input_file id="fl-e9">
         <path>C:\ti\ccstheia141\ccs\tools\compiler\ti-cgt-armllvm_3.2.2.LTS\lib\clang\15.0.7\lib\armv6m-ti-none-eabi\</path>
         <kind>archive</kind>
         <file>libclang_rt.builtins.a</file>
         <name>udivmoddi4.S.obj</name>
      </input_file>
      <input_file id="fl-ea">
         <path>C:\ti\ccstheia141\ccs\tools\compiler\ti-cgt-armllvm_3.2.2.LTS\lib\clang\15.0.7\lib\armv6m-ti-none-eabi\</path>
         <kind>archive</kind>
         <file>libclang_rt.builtins.a</file>
         <name>ashldi3.S.obj</name>
      </input_file>
      <input_file id="fl-eb">
         <path>C:\ti\ccstheia141\ccs\tools\compiler\ti-cgt-armllvm_3.2.2.LTS\lib\clang\15.0.7\lib\armv6m-ti-none-eabi\</path>
         <kind>archive</kind>
         <file>libclang_rt.builtins.a</file>
         <name>comparedf2.c.obj</name>
      </input_file>
      <input_file id="fl-ec">
         <path>C:\ti\ccstheia141\ccs\tools\compiler\ti-cgt-armllvm_3.2.2.LTS\lib\clang\15.0.7\lib\armv6m-ti-none-eabi\</path>
         <kind>archive</kind>
         <file>libclang_rt.builtins.a</file>
         <name>aeabi_div0.c.obj</name>
      </input_file>
      <input_file id="fl-ed">
         <path>C:\ti\ccstheia141\ccs\tools\compiler\ti-cgt-armllvm_3.2.2.LTS\lib\armv6m-ti-none-eabi\c\</path>
         <kind>archive</kind>
         <file>libc.a</file>
         <name>getdevice.c.obj</name>
      </input_file>
      <input_file id="fl-ee">
         <path>C:\ti\ccstheia141\ccs\tools\compiler\ti-cgt-armllvm_3.2.2.LTS\lib\armv6m-ti-none-eabi\c\</path>
         <kind>archive</kind>
         <file>libc.a</file>
         <name>memcpy16.S.obj</name>
      </input_file>
      <input_file id="fl-ef">
         <path>C:\ti\ccstheia141\ccs\tools\compiler\ti-cgt-armllvm_3.2.2.LTS\lib\armv6m-ti-none-eabi\c\</path>
         <kind>archive</kind>
         <file>libc.a</file>
         <name>memset16.S.obj</name>
      </input_file>
   </input_file_list>
   <object_component_list>
      <object_component id="oc-18">
         <name>.intvecs</name>
         <load_address>0x0</load_address>
         <readonly>true</readonly>
         <run_address>0x0</run_address>
         <size>0xc0</size>
         <alignment>0x4</alignment>
         <input_file_ref idref="fl-2"/>
      </object_component>
      <object_component id="oc-1ae">
         <name>.text.__kernel_rem_pio2</name>
         <load_address>0xc0</load_address>
         <readonly>true</readonly>
         <executable>true</executable>
         <run_address>0xc0</run_address>
         <size>0x658</size>
         <alignment>0x4</alignment>
         <input_file_ref idref="fl-3c"/>
      </object_component>
      <object_component id="oc-160">
         <name>.text.cosf</name>
         <load_address>0x718</load_address>
         <readonly>true</readonly>
         <executable>true</executable>
         <run_address>0x718</run_address>
         <size>0x1d4</size>
         <alignment>0x4</alignment>
         <input_file_ref idref="fl-37"/>
      </object_component>
      <object_component id="oc-1a1">
         <name>.text.adddf3_subdf3</name>
         <load_address>0x8ec</load_address>
         <readonly>true</readonly>
         <executable>true</executable>
         <run_address>0x8ec</run_address>
         <size>0x192</size>
         <alignment>0x4</alignment>
         <input_file_ref idref="fl-d1"/>
      </object_component>
      <object_component id="oc-1b9">
         <name>.text.__aeabi_idiv0</name>
         <load_address>0xa7e</load_address>
         <readonly>true</readonly>
         <executable>true</executable>
         <run_address>0xa7e</run_address>
         <size>0x2</size>
         <alignment>0x2</alignment>
         <input_file_ref idref="fl-ec"/>
      </object_component>
      <object_component id="oc-1d5">
         <name>.text.floor</name>
         <load_address>0xa80</load_address>
         <readonly>true</readonly>
         <executable>true</executable>
         <run_address>0xa80</run_address>
         <size>0x144</size>
         <alignment>0x4</alignment>
         <input_file_ref idref="fl-4d"/>
      </object_component>
      <object_component id="oc-158">
         <name>.text.__divdf3</name>
         <load_address>0xbc4</load_address>
         <readonly>true</readonly>
         <executable>true</executable>
         <run_address>0xbc4</run_address>
         <size>0x10c</size>
         <alignment>0x4</alignment>
         <input_file_ref idref="fl-d6"/>
      </object_component>
      <object_component id="oc-118">
         <name>.text.DL_Timer_initTimerMode</name>
         <load_address>0xcd0</load_address>
         <readonly>true</readonly>
         <executable>true</executable>
         <run_address>0xcd0</run_address>
         <size>0xe8</size>
         <alignment>0x4</alignment>
         <input_file_ref idref="fl-25"/>
      </object_component>
      <object_component id="oc-154">
         <name>.text.__muldf3</name>
         <load_address>0xdb8</load_address>
         <readonly>true</readonly>
         <executable>true</executable>
         <run_address>0xdb8</run_address>
         <size>0xe4</size>
         <alignment>0x4</alignment>
         <input_file_ref idref="fl-d2"/>
      </object_component>
      <object_component id="oc-109">
         <name>.text.DL_SYSCTL_configSYSPLL</name>
         <load_address>0xe9c</load_address>
         <readonly>true</readonly>
         <executable>true</executable>
         <run_address>0xe9c</run_address>
         <size>0xdc</size>
         <alignment>0x4</alignment>
         <input_file_ref idref="fl-27"/>
      </object_component>
      <object_component id="oc-1d1">
         <name>.text.scalbn</name>
         <load_address>0xf78</load_address>
         <readonly>true</readonly>
         <executable>true</executable>
         <run_address>0xf78</run_address>
         <size>0xd8</size>
         <alignment>0x4</alignment>
         <input_file_ref idref="fl-4e"/>
      </object_component>
      <object_component id="oc-166">
         <name>.text</name>
         <load_address>0x1050</load_address>
         <readonly>true</readonly>
         <executable>true</executable>
         <run_address>0x1050</run_address>
         <size>0xd8</size>
         <alignment>0x4</alignment>
         <input_file_ref idref="fl-d0"/>
      </object_component>
      <object_component id="oc-c8">
         <name>.text.SYSCFG_DL_initPower</name>
         <load_address>0x1128</load_address>
         <readonly>true</readonly>
         <executable>true</executable>
         <run_address>0x1128</run_address>
         <size>0xb0</size>
         <alignment>0x4</alignment>
         <input_file_ref idref="fl-1"/>
      </object_component>
      <object_component id="oc-1b4">
         <name>.text.__kernel_sindf</name>
         <load_address>0x11d8</load_address>
         <readonly>true</readonly>
         <executable>true</executable>
         <run_address>0x11d8</run_address>
         <size>0xac</size>
         <alignment>0x4</alignment>
         <input_file_ref idref="fl-37"/>
      </object_component>
      <object_component id="oc-1a0">
         <name>.text.__kernel_cosdf</name>
         <load_address>0x1284</load_address>
         <readonly>true</readonly>
         <executable>true</executable>
         <run_address>0x1284</run_address>
         <size>0x9c</size>
         <alignment>0x4</alignment>
         <input_file_ref idref="fl-37"/>
      </object_component>
      <object_component id="oc-cf">
         <name>.text.SYSCFG_DL_ADC12_0_init</name>
         <load_address>0x1320</load_address>
         <readonly>true</readonly>
         <executable>true</executable>
         <run_address>0x1320</run_address>
         <size>0x98</size>
         <alignment>0x4</alignment>
         <input_file_ref idref="fl-1"/>
      </object_component>
      <object_component id="oc-d0">
         <name>.text.SYSCFG_DL_ADC12_1_init</name>
         <load_address>0x13b8</load_address>
         <readonly>true</readonly>
         <executable>true</executable>
         <run_address>0x13b8</run_address>
         <size>0x98</size>
         <alignment>0x4</alignment>
         <input_file_ref idref="fl-1"/>
      </object_component>
      <object_component id="oc-16a">
         <name>.text.__mulsf3</name>
         <load_address>0x1450</load_address>
         <readonly>true</readonly>
         <executable>true</executable>
         <run_address>0x1450</run_address>
         <size>0x8c</size>
         <alignment>0x4</alignment>
         <input_file_ref idref="fl-d4"/>
      </object_component>
      <object_component id="oc-c9">
         <name>.text.SYSCFG_DL_GPIO_init</name>
         <load_address>0x14dc</load_address>
         <readonly>true</readonly>
         <executable>true</executable>
         <run_address>0x14dc</run_address>
         <size>0x88</size>
         <alignment>0x4</alignment>
         <input_file_ref idref="fl-1"/>
      </object_component>
      <object_component id="oc-12a">
         <name>.text.__NVIC_SetPriority</name>
         <load_address>0x1564</load_address>
         <readonly>true</readonly>
         <executable>true</executable>
         <run_address>0x1564</run_address>
         <size>0x84</size>
         <alignment>0x4</alignment>
         <input_file_ref idref="fl-1"/>
      </object_component>
      <object_component id="oc-d9">
         <name>.text.generate_hanning_window</name>
         <load_address>0x15e8</load_address>
         <readonly>true</readonly>
         <executable>true</executable>
         <run_address>0x15e8</run_address>
         <size>0x78</size>
         <alignment>0x4</alignment>
         <input_file_ref idref="fl-a"/>
      </object_component>
      <object_component id="oc-1c">
         <name>.text:decompress:lzss</name>
         <load_address>0x1660</load_address>
         <readonly>true</readonly>
         <executable>true</executable>
         <run_address>0x1660</run_address>
         <size>0x78</size>
         <alignment>0x4</alignment>
         <input_file_ref idref="fl-47"/>
      </object_component>
      <object_component id="oc-1ea">
         <name>.text.__aeabi_errno_addr</name>
         <load_address>0x16d8</load_address>
         <readonly>true</readonly>
         <executable>true</executable>
         <run_address>0x16d8</run_address>
         <size>0x8</size>
         <alignment>0x4</alignment>
         <input_file_ref idref="fl-3b"/>
      </object_component>
      <object_component id="oc-15c">
         <name>.text.__truncdfsf2</name>
         <load_address>0x16e0</load_address>
         <readonly>true</readonly>
         <executable>true</executable>
         <run_address>0x16e0</run_address>
         <size>0x74</size>
         <alignment>0x10</alignment>
         <input_file_ref idref="fl-e0"/>
      </object_component>
      <object_component id="oc-1fb">
         <name>.text.__gedf2</name>
         <load_address>0x1754</load_address>
         <readonly>true</readonly>
         <executable>true</executable>
         <run_address>0x1754</run_address>
         <size>0x70</size>
         <alignment>0x4</alignment>
         <input_file_ref idref="fl-eb"/>
      </object_component>
      <object_component id="oc-1f5">
         <name>.text.__ledf2</name>
         <load_address>0x17c4</load_address>
         <readonly>true</readonly>
         <executable>true</executable>
         <run_address>0x17c4</run_address>
         <size>0x6c</size>
         <alignment>0x4</alignment>
         <input_file_ref idref="fl-eb"/>
      </object_component>
      <object_component id="oc-1da">
         <name>.text.__aeabi_dcmp</name>
         <load_address>0x1830</load_address>
         <readonly>true</readonly>
         <executable>true</executable>
         <run_address>0x1830</run_address>
         <size>0x62</size>
         <alignment>0x4</alignment>
         <input_file_ref idref="fl-e1"/>
      </object_component>
      <object_component id="oc-cb">
         <name>.text.SYSCFG_DL_TIMER_0_init</name>
         <load_address>0x1894</load_address>
         <readonly>true</readonly>
         <executable>true</executable>
         <run_address>0x1894</run_address>
         <size>0x58</size>
         <alignment>0x4</alignment>
         <input_file_ref idref="fl-1"/>
      </object_component>
      <object_component id="oc-1c9">
         <name>.text.__aeabi_idivmod</name>
         <load_address>0x18ec</load_address>
         <readonly>true</readonly>
         <executable>true</executable>
         <run_address>0x18ec</run_address>
         <size>0x56</size>
         <alignment>0x4</alignment>
         <input_file_ref idref="fl-e3"/>
      </object_component>
      <object_component id="oc-cd">
         <name>.text.SYSCFG_DL_UART_0_init</name>
         <load_address>0x1944</load_address>
         <readonly>true</readonly>
         <executable>true</executable>
         <run_address>0x1944</run_address>
         <size>0x54</size>
         <alignment>0x4</alignment>
         <input_file_ref idref="fl-1"/>
      </object_component>
      <object_component id="oc-ce">
         <name>.text.SYSCFG_DL_UART_1_init</name>
         <load_address>0x1998</load_address>
         <readonly>true</readonly>
         <executable>true</executable>
         <run_address>0x1998</run_address>
         <size>0x54</size>
         <alignment>0x4</alignment>
         <input_file_ref idref="fl-1"/>
      </object_component>
      <object_component id="oc-dd">
         <name>.text.ADC0_DMA0_Init</name>
         <load_address>0x19ec</load_address>
         <readonly>true</readonly>
         <executable>true</executable>
         <run_address>0x19ec</run_address>
         <size>0x50</size>
         <alignment>0x4</alignment>
         <input_file_ref idref="fl-3"/>
      </object_component>
      <object_component id="oc-3a">
         <name>.text.UART0_IRQHandler</name>
         <load_address>0x1a3c</load_address>
         <readonly>true</readonly>
         <executable>true</executable>
         <run_address>0x1a3c</run_address>
         <size>0x50</size>
         <alignment>0x4</alignment>
         <input_file_ref idref="fl-6"/>
      </object_component>
      <object_component id="oc-138">
         <name>.text.DL_ADC12_initSingleSample</name>
         <load_address>0x1a8c</load_address>
         <readonly>true</readonly>
         <executable>true</executable>
         <run_address>0x1a8c</run_address>
         <size>0x4c</size>
         <alignment>0x4</alignment>
         <input_file_ref idref="fl-1"/>
      </object_component>
      <object_component id="oc-18d">
         <name>.text.DL_DMA_initChannel</name>
         <load_address>0x1ad8</load_address>
         <readonly>true</readonly>
         <executable>true</executable>
         <run_address>0x1ad8</run_address>
         <size>0x4c</size>
         <alignment>0x4</alignment>
         <input_file_ref idref="fl-24"/>
      </object_component>
      <object_component id="oc-128">
         <name>.text.DL_UART_setBaudRateDivisor</name>
         <load_address>0x1b24</load_address>
         <readonly>true</readonly>
         <executable>true</executable>
         <run_address>0x1b24</run_address>
         <size>0x4c</size>
         <alignment>0x4</alignment>
         <input_file_ref idref="fl-1"/>
      </object_component>
      <object_component id="oc-139">
         <name>.text.DL_ADC12_configConversionMem</name>
         <load_address>0x1b70</load_address>
         <readonly>true</readonly>
         <executable>true</executable>
         <run_address>0x1b70</run_address>
         <size>0x4a</size>
         <alignment>0x2</alignment>
         <input_file_ref idref="fl-1"/>
      </object_component>
      <object_component id="oc-1a5">
         <name>.text.__fixdfsi</name>
         <load_address>0x1bbc</load_address>
         <readonly>true</readonly>
         <executable>true</executable>
         <run_address>0x1bbc</run_address>
         <size>0x4a</size>
         <alignment>0x4</alignment>
         <input_file_ref idref="fl-d8"/>
      </object_component>
      <object_component id="oc-126">
         <name>.text.DL_UART_init</name>
         <load_address>0x1c08</load_address>
         <readonly>true</readonly>
         <executable>true</executable>
         <run_address>0x1c08</run_address>
         <size>0x48</size>
         <alignment>0x4</alignment>
         <input_file_ref idref="fl-26"/>
      </object_component>
      <object_component id="oc-a3">
         <name>.text.one_ADC0_Start</name>
         <load_address>0x1c50</load_address>
         <readonly>true</readonly>
         <executable>true</executable>
         <run_address>0x1c50</run_address>
         <size>0x48</size>
         <alignment>0x4</alignment>
         <input_file_ref idref="fl-3"/>
      </object_component>
      <object_component id="oc-34">
         <name>.text.ADC0_IRQHandler</name>
         <load_address>0x1c98</load_address>
         <readonly>true</readonly>
         <executable>true</executable>
         <run_address>0x1c98</run_address>
         <size>0x44</size>
         <alignment>0x4</alignment>
         <input_file_ref idref="fl-3"/>
      </object_component>
      <object_component id="oc-39">
         <name>.text.ADC1_IRQHandler</name>
         <load_address>0x1cdc</load_address>
         <readonly>true</readonly>
         <executable>true</executable>
         <run_address>0x1cdc</run_address>
         <size>0x44</size>
         <alignment>0x4</alignment>
         <input_file_ref idref="fl-3"/>
      </object_component>
      <object_component id="oc-de">
         <name>.text.ADC_Set_Freq</name>
         <load_address>0x1d20</load_address>
         <readonly>true</readonly>
         <executable>true</executable>
         <run_address>0x1d20</run_address>
         <size>0x44</size>
         <alignment>0x4</alignment>
         <input_file_ref idref="fl-3"/>
      </object_component>
      <object_component id="oc-110">
         <name>.text.DL_SYSCTL_switchMCLKfromSYSOSCtoHSCLK</name>
         <load_address>0x1d64</load_address>
         <readonly>true</readonly>
         <executable>true</executable>
         <run_address>0x1d64</run_address>
         <size>0x44</size>
         <alignment>0x4</alignment>
         <input_file_ref idref="fl-27"/>
      </object_component>
      <object_component id="oc-132">
         <name>.text.DL_ADC12_setClockConfig</name>
         <load_address>0x1da8</load_address>
         <readonly>true</readonly>
         <executable>true</executable>
         <run_address>0x1da8</run_address>
         <size>0x40</size>
         <alignment>0x4</alignment>
         <input_file_ref idref="fl-22"/>
      </object_component>
      <object_component id="oc-ca">
         <name>.text.SYSCFG_DL_SYSCTL_init</name>
         <load_address>0x1de8</load_address>
         <readonly>true</readonly>
         <executable>true</executable>
         <run_address>0x1de8</run_address>
         <size>0x40</size>
         <alignment>0x4</alignment>
         <input_file_ref idref="fl-1"/>
      </object_component>
      <object_component id="oc-98">
         <name>.text.SYSCFG_DL_init</name>
         <load_address>0x1e28</load_address>
         <readonly>true</readonly>
         <executable>true</executable>
         <run_address>0x1e28</run_address>
         <size>0x40</size>
         <alignment>0x4</alignment>
         <input_file_ref idref="fl-1"/>
      </object_component>
      <object_component id="oc-174">
         <name>.text.__aeabi_uidivmod</name>
         <load_address>0x1e68</load_address>
         <readonly>true</readonly>
         <executable>true</executable>
         <run_address>0x1e68</run_address>
         <size>0x40</size>
         <alignment>0x4</alignment>
         <input_file_ref idref="fl-e6"/>
      </object_component>
      <object_component id="oc-1aa">
         <name>.text.__extendsfdf2</name>
         <load_address>0x1ea8</load_address>
         <readonly>true</readonly>
         <executable>true</executable>
         <run_address>0x1ea8</run_address>
         <size>0x40</size>
         <alignment>0x4</alignment>
         <input_file_ref idref="fl-d7"/>
      </object_component>
      <object_component id="oc-6a">
         <name>.text.__floatsisf</name>
         <load_address>0x1ee8</load_address>
         <readonly>true</readonly>
         <executable>true</executable>
         <run_address>0x1ee8</run_address>
         <size>0x3c</size>
         <alignment>0x4</alignment>
         <input_file_ref idref="fl-dc"/>
      </object_component>
      <object_component id="oc-af">
         <name>.text:__TI_auto_init_nobinit_nopinit</name>
         <load_address>0x1f24</load_address>
         <readonly>true</readonly>
         <executable>true</executable>
         <run_address>0x1f24</run_address>
         <size>0x3c</size>
         <alignment>0x4</alignment>
         <input_file_ref idref="fl-42"/>
      </object_component>
      <object_component id="oc-194">
         <name>.text.__muldsi3</name>
         <load_address>0x1f60</load_address>
         <readonly>true</readonly>
         <executable>true</executable>
         <run_address>0x1f60</run_address>
         <size>0x3a</size>
         <alignment>0x4</alignment>
         <input_file_ref idref="fl-d3"/>
      </object_component>
      <object_component id="oc-146">
         <name>.text.DL_OPA_init</name>
         <load_address>0x1f9c</load_address>
         <readonly>true</readonly>
         <executable>true</executable>
         <run_address>0x1f9c</run_address>
         <size>0x38</size>
         <alignment>0x4</alignment>
         <input_file_ref idref="fl-1"/>
      </object_component>
      <object_component id="oc-11b">
         <name>.text.DL_Timer_setPublisherChanID</name>
         <load_address>0x1fd4</load_address>
         <readonly>true</readonly>
         <executable>true</executable>
         <run_address>0x1fd4</run_address>
         <size>0x38</size>
         <alignment>0x4</alignment>
         <input_file_ref idref="fl-1"/>
      </object_component>
      <object_component id="oc-19b">
         <name>.text.__fixsfsi</name>
         <load_address>0x200c</load_address>
         <readonly>true</readonly>
         <executable>true</executable>
         <run_address>0x200c</run_address>
         <size>0x38</size>
         <alignment>0x4</alignment>
         <input_file_ref idref="fl-d9"/>
      </object_component>
      <object_component id="oc-7f">
         <name>.text.main</name>
         <load_address>0x2044</load_address>
         <readonly>true</readonly>
         <executable>true</executable>
         <run_address>0x2044</run_address>
         <size>0x34</size>
         <alignment>0x4</alignment>
         <input_file_ref idref="fl-b"/>
      </object_component>
      <object_component id="oc-171">
         <name>.text.DL_DMA_setTransferSize</name>
         <load_address>0x2078</load_address>
         <readonly>true</readonly>
         <executable>true</executable>
         <run_address>0x2078</run_address>
         <size>0x30</size>
         <alignment>0x4</alignment>
         <input_file_ref idref="fl-3"/>
      </object_component>
      <object_component id="oc-149">
         <name>.text.DL_GPAMP_init</name>
         <load_address>0x20a8</load_address>
         <readonly>true</readonly>
         <executable>true</executable>
         <run_address>0x20a8</run_address>
         <size>0x30</size>
         <alignment>0x4</alignment>
         <input_file_ref idref="fl-1"/>
      </object_component>
      <object_component id="oc-13e">
         <name>.text.DL_ADC12_setDMASamplesCnt</name>
         <load_address>0x20d8</load_address>
         <readonly>true</readonly>
         <executable>true</executable>
         <run_address>0x20d8</run_address>
         <size>0x2c</size>
         <alignment>0x4</alignment>
         <input_file_ref idref="fl-1"/>
      </object_component>
      <object_component id="oc-cc">
         <name>.text.SYSCFG_DL_TIMER_1_init</name>
         <load_address>0x2104</load_address>
         <readonly>true</readonly>
         <executable>true</executable>
         <run_address>0x2104</run_address>
         <size>0x2c</size>
         <alignment>0x4</alignment>
         <input_file_ref idref="fl-1"/>
      </object_component>
      <object_component id="oc-d7">
         <name>.text.__NVIC_ClearPendingIRQ</name>
         <load_address>0x2130</load_address>
         <readonly>true</readonly>
         <executable>true</executable>
         <run_address>0x2130</run_address>
         <size>0x2c</size>
         <alignment>0x4</alignment>
         <input_file_ref idref="fl-6"/>
      </object_component>
      <object_component id="oc-173">
         <name>.text.__NVIC_EnableIRQ</name>
         <load_address>0x215c</load_address>
         <readonly>true</readonly>
         <executable>true</executable>
         <run_address>0x215c</run_address>
         <size>0x2c</size>
         <alignment>0x4</alignment>
         <input_file_ref idref="fl-3"/>
      </object_component>
      <object_component id="oc-d8">
         <name>.text.__NVIC_EnableIRQ</name>
         <load_address>0x2188</load_address>
         <readonly>true</readonly>
         <executable>true</executable>
         <run_address>0x2188</run_address>
         <size>0x2c</size>
         <alignment>0x4</alignment>
         <input_file_ref idref="fl-6"/>
      </object_component>
      <object_component id="oc-1cd">
         <name>.text.__floatsidf</name>
         <load_address>0x21b4</load_address>
         <readonly>true</readonly>
         <executable>true</executable>
         <run_address>0x21b4</run_address>
         <size>0x2c</size>
         <alignment>0x4</alignment>
         <input_file_ref idref="fl-db"/>
      </object_component>
      <object_component id="oc-184">
         <name>.text.DL_Common_updateReg</name>
         <load_address>0x21e0</load_address>
         <readonly>true</readonly>
         <executable>true</executable>
         <run_address>0x21e0</run_address>
         <size>0x28</size>
         <alignment>0x2</alignment>
         <input_file_ref idref="fl-1"/>
      </object_component>
      <object_component id="oc-170">
         <name>.text.DL_DMA_setDestAddr</name>
         <load_address>0x2208</load_address>
         <readonly>true</readonly>
         <executable>true</executable>
         <run_address>0x2208</run_address>
         <size>0x28</size>
         <alignment>0x4</alignment>
         <input_file_ref idref="fl-3"/>
      </object_component>
      <object_component id="oc-16f">
         <name>.text.DL_DMA_setSrcAddr</name>
         <load_address>0x2230</load_address>
         <readonly>true</readonly>
         <executable>true</executable>
         <run_address>0x2230</run_address>
         <size>0x28</size>
         <alignment>0x4</alignment>
         <input_file_ref idref="fl-3"/>
      </object_component>
      <object_component id="oc-103">
         <name>.text.DL_SYSCTL_setPowerPolicySTANDBY0</name>
         <load_address>0x2258</load_address>
         <readonly>true</readonly>
         <executable>true</executable>
         <run_address>0x2258</run_address>
         <size>0x28</size>
         <alignment>0x4</alignment>
         <input_file_ref idref="fl-1"/>
      </object_component>
      <object_component id="oc-11a">
         <name>.text.DL_Timer_enableEvent</name>
         <load_address>0x2280</load_address>
         <readonly>true</readonly>
         <executable>true</executable>
         <run_address>0x2280</run_address>
         <size>0x28</size>
         <alignment>0x4</alignment>
         <input_file_ref idref="fl-1"/>
      </object_component>
      <object_component id="oc-5a">
         <name>.text:_c_int00_noargs</name>
         <load_address>0x22a8</load_address>
         <readonly>true</readonly>
         <executable>true</executable>
         <run_address>0x22a8</run_address>
         <size>0x28</size>
         <alignment>0x4</alignment>
         <input_file_ref idref="fl-40"/>
      </object_component>
      <object_component id="oc-64">
         <name>.text.DL_DMA_disableChannel</name>
         <load_address>0x22d0</load_address>
         <readonly>true</readonly>
         <executable>true</executable>
         <run_address>0x22d0</run_address>
         <size>0x26</size>
         <alignment>0x2</alignment>
         <input_file_ref idref="fl-3"/>
      </object_component>
      <object_component id="oc-172">
         <name>.text.DL_DMA_enableChannel</name>
         <load_address>0x22f6</load_address>
         <readonly>true</readonly>
         <executable>true</executable>
         <run_address>0x22f6</run_address>
         <size>0x26</size>
         <alignment>0x2</alignment>
         <input_file_ref idref="fl-3"/>
      </object_component>
      <object_component id="oc-12f">
         <name>.text.DL_UART_setExternalDriverHold</name>
         <load_address>0x231c</load_address>
         <readonly>true</readonly>
         <executable>true</executable>
         <run_address>0x231c</run_address>
         <size>0x24</size>
         <alignment>0x4</alignment>
         <input_file_ref idref="fl-1"/>
      </object_component>
      <object_component id="oc-12e">
         <name>.text.DL_UART_setExternalDriverSetup</name>
         <load_address>0x2340</load_address>
         <readonly>true</readonly>
         <executable>true</executable>
         <run_address>0x2340</run_address>
         <size>0x24</size>
         <alignment>0x4</alignment>
         <input_file_ref idref="fl-1"/>
      </object_component>
      <object_component id="oc-d3">
         <name>.text.SYSCFG_DL_DMA_init</name>
         <load_address>0x2364</load_address>
         <readonly>true</readonly>
         <executable>true</executable>
         <run_address>0x2364</run_address>
         <size>0x24</size>
         <alignment>0x4</alignment>
         <input_file_ref idref="fl-1"/>
      </object_component>
      <object_component id="oc-150">
         <name>.text.__floatunsidf</name>
         <load_address>0x2388</load_address>
         <readonly>true</readonly>
         <executable>true</executable>
         <run_address>0x2388</run_address>
         <size>0x24</size>
         <alignment>0x4</alignment>
         <input_file_ref idref="fl-dd"/>
      </object_component>
      <object_component id="oc-fe">
         <name>.text.DL_GPIO_initPeripheralInputFunction</name>
         <load_address>0x23ac</load_address>
         <readonly>true</readonly>
         <executable>true</executable>
         <run_address>0x23ac</run_address>
         <size>0x20</size>
         <alignment>0x4</alignment>
         <input_file_ref idref="fl-1"/>
      </object_component>
      <object_component id="oc-105">
         <name>.text.DL_SYSCTL_setFlashWaitState</name>
         <load_address>0x23cc</load_address>
         <readonly>true</readonly>
         <executable>true</executable>
         <run_address>0x23cc</run_address>
         <size>0x20</size>
         <alignment>0x4</alignment>
         <input_file_ref idref="fl-1"/>
      </object_component>
      <object_component id="oc-d1">
         <name>.text.SYSCFG_DL_OPA_0_init</name>
         <load_address>0x23ec</load_address>
         <readonly>true</readonly>
         <executable>true</executable>
         <run_address>0x23ec</run_address>
         <size>0x20</size>
         <alignment>0x4</alignment>
         <input_file_ref idref="fl-1"/>
      </object_component>
      <object_component id="oc-13b">
         <name>.text.DL_ADC12_setPowerDownMode</name>
         <load_address>0x240c</load_address>
         <readonly>true</readonly>
         <executable>true</executable>
         <run_address>0x240c</run_address>
         <size>0x1e</size>
         <alignment>0x2</alignment>
         <input_file_ref idref="fl-1"/>
      </object_component>
      <object_component id="oc-14c">
         <name>.text.DL_DMA_setBurstSize</name>
         <load_address>0x242a</load_address>
         <readonly>true</readonly>
         <executable>true</executable>
         <run_address>0x242a</run_address>
         <size>0x1e</size>
         <alignment>0x2</alignment>
         <input_file_ref idref="fl-1"/>
      </object_component>
      <object_component id="oc-127">
         <name>.text.DL_UART_setOversampling</name>
         <load_address>0x2448</load_address>
         <readonly>true</readonly>
         <executable>true</executable>
         <run_address>0x2448</run_address>
         <size>0x1e</size>
         <alignment>0x2</alignment>
         <input_file_ref idref="fl-1"/>
      </object_component>
      <object_component id="oc-141">
         <name>.text.DL_ADC12_clearInterruptStatus</name>
         <load_address>0x2468</load_address>
         <readonly>true</readonly>
         <executable>true</executable>
         <run_address>0x2468</run_address>
         <size>0x1c</size>
         <alignment>0x4</alignment>
         <input_file_ref idref="fl-1"/>
      </object_component>
      <object_component id="oc-13d">
         <name>.text.DL_ADC12_enableDMA</name>
         <load_address>0x2484</load_address>
         <readonly>true</readonly>
         <executable>true</executable>
         <run_address>0x2484</run_address>
         <size>0x1c</size>
         <alignment>0x4</alignment>
         <input_file_ref idref="fl-1"/>
      </object_component>
      <object_component id="oc-13f">
         <name>.text.DL_ADC12_enableDMATrigger</name>
         <load_address>0x24a0</load_address>
         <readonly>true</readonly>
         <executable>true</executable>
         <run_address>0x24a0</run_address>
         <size>0x1c</size>
         <alignment>0x4</alignment>
         <input_file_ref idref="fl-1"/>
      </object_component>
      <object_component id="oc-13a">
         <name>.text.DL_ADC12_enableFIFO</name>
         <load_address>0x24bc</load_address>
         <readonly>true</readonly>
         <executable>true</executable>
         <run_address>0x24bc</run_address>
         <size>0x1c</size>
         <alignment>0x4</alignment>
         <input_file_ref idref="fl-1"/>
      </object_component>
      <object_component id="oc-142">
         <name>.text.DL_ADC12_enableInterrupt</name>
         <load_address>0x24d8</load_address>
         <readonly>true</readonly>
         <executable>true</executable>
         <run_address>0x24d8</run_address>
         <size>0x1c</size>
         <alignment>0x4</alignment>
         <input_file_ref idref="fl-1"/>
      </object_component>
      <object_component id="oc-fd">
         <name>.text.DL_GPIO_initPeripheralOutputFunction</name>
         <load_address>0x24f4</load_address>
         <readonly>true</readonly>
         <executable>true</executable>
         <run_address>0x24f4</run_address>
         <size>0x1c</size>
         <alignment>0x4</alignment>
         <input_file_ref idref="fl-1"/>
      </object_component>
      <object_component id="oc-106">
         <name>.text.DL_SYSCTL_setSYSOSCFreq</name>
         <load_address>0x2510</load_address>
         <readonly>true</readonly>
         <executable>true</executable>
         <run_address>0x2510</run_address>
         <size>0x1c</size>
         <alignment>0x4</alignment>
         <input_file_ref idref="fl-1"/>
      </object_component>
      <object_component id="oc-10f">
         <name>.text.DL_SYSCTL_setULPCLKDivider</name>
         <load_address>0x252c</load_address>
         <readonly>true</readonly>
         <executable>true</executable>
         <run_address>0x252c</run_address>
         <size>0x1c</size>
         <alignment>0x4</alignment>
         <input_file_ref idref="fl-1"/>
      </object_component>
      <object_component id="oc-112">
         <name>.text.DL_Timer_setClockConfig</name>
         <load_address>0x2548</load_address>
         <readonly>true</readonly>
         <executable>true</executable>
         <run_address>0x2548</run_address>
         <size>0x1c</size>
         <alignment>0x4</alignment>
         <input_file_ref idref="fl-25"/>
      </object_component>
      <object_component id="oc-129">
         <name>.text.DL_UART_enableInterrupt</name>
         <load_address>0x2564</load_address>
         <readonly>true</readonly>
         <executable>true</executable>
         <run_address>0x2564</run_address>
         <size>0x1c</size>
         <alignment>0x4</alignment>
         <input_file_ref idref="fl-1"/>
      </object_component>
      <object_component id="oc-140">
         <name>.text.DL_ADC12_setSubscriberChanID</name>
         <load_address>0x2580</load_address>
         <readonly>true</readonly>
         <executable>true</executable>
         <run_address>0x2580</run_address>
         <size>0x1a</size>
         <alignment>0x2</alignment>
         <input_file_ref idref="fl-1"/>
      </object_component>
      <object_component id="oc-df">
         <name>.text.DL_ADC12_enablePower</name>
         <load_address>0x259c</load_address>
         <readonly>true</readonly>
         <executable>true</executable>
         <run_address>0x259c</run_address>
         <size>0x18</size>
         <alignment>0x4</alignment>
         <input_file_ref idref="fl-3"/>
      </object_component>
      <object_component id="oc-f7">
         <name>.text.DL_ADC12_enablePower</name>
         <load_address>0x25b4</load_address>
         <readonly>true</readonly>
         <executable>true</executable>
         <run_address>0x25b4</run_address>
         <size>0x18</size>
         <alignment>0x4</alignment>
         <input_file_ref idref="fl-1"/>
      </object_component>
      <object_component id="oc-f2">
         <name>.text.DL_ADC12_reset</name>
         <load_address>0x25cc</load_address>
         <readonly>true</readonly>
         <executable>true</executable>
         <run_address>0x25cc</run_address>
         <size>0x18</size>
         <alignment>0x4</alignment>
         <input_file_ref idref="fl-1"/>
      </object_component>
      <object_component id="oc-13c">
         <name>.text.DL_ADC12_setSampleTime0</name>
         <load_address>0x25e4</load_address>
         <readonly>true</readonly>
         <executable>true</executable>
         <run_address>0x25e4</run_address>
         <size>0x18</size>
         <alignment>0x4</alignment>
         <input_file_ref idref="fl-1"/>
      </object_component>
      <object_component id="oc-102">
         <name>.text.DL_GPIO_enableOutput</name>
         <load_address>0x25fc</load_address>
         <readonly>true</readonly>
         <executable>true</executable>
         <run_address>0x25fc</run_address>
         <size>0x18</size>
         <alignment>0x4</alignment>
         <input_file_ref idref="fl-1"/>
      </object_component>
      <object_component id="oc-f4">
         <name>.text.DL_GPIO_enablePower</name>
         <load_address>0x2614</load_address>
         <readonly>true</readonly>
         <executable>true</executable>
         <run_address>0x2614</run_address>
         <size>0x18</size>
         <alignment>0x4</alignment>
         <input_file_ref idref="fl-1"/>
      </object_component>
      <object_component id="oc-ff">
         <name>.text.DL_GPIO_initDigitalOutput</name>
         <load_address>0x262c</load_address>
         <readonly>true</readonly>
         <executable>true</executable>
         <run_address>0x262c</run_address>
         <size>0x18</size>
         <alignment>0x4</alignment>
         <input_file_ref idref="fl-1"/>
      </object_component>
      <object_component id="oc-ef">
         <name>.text.DL_GPIO_reset</name>
         <load_address>0x2644</load_address>
         <readonly>true</readonly>
         <executable>true</executable>
         <run_address>0x2644</run_address>
         <size>0x18</size>
         <alignment>0x4</alignment>
         <input_file_ref idref="fl-1"/>
      </object_component>
      <object_component id="oc-101">
         <name>.text.DL_GPIO_setPins</name>
         <load_address>0x265c</load_address>
         <readonly>true</readonly>
         <executable>true</executable>
         <run_address>0x265c</run_address>
         <size>0x18</size>
         <alignment>0x4</alignment>
         <input_file_ref idref="fl-1"/>
      </object_component>
      <object_component id="oc-f8">
         <name>.text.DL_OPA_enablePower</name>
         <load_address>0x2674</load_address>
         <readonly>true</readonly>
         <executable>true</executable>
         <run_address>0x2674</run_address>
         <size>0x18</size>
         <alignment>0x4</alignment>
         <input_file_ref idref="fl-1"/>
      </object_component>
      <object_component id="oc-f3">
         <name>.text.DL_OPA_reset</name>
         <load_address>0x268c</load_address>
         <readonly>true</readonly>
         <executable>true</executable>
         <run_address>0x268c</run_address>
         <size>0x18</size>
         <alignment>0x4</alignment>
         <input_file_ref idref="fl-1"/>
      </object_component>
      <object_component id="oc-104">
         <name>.text.DL_SYSCTL_setBORThreshold</name>
         <load_address>0x26a4</load_address>
         <readonly>true</readonly>
         <executable>true</executable>
         <run_address>0x26a4</run_address>
         <size>0x18</size>
         <alignment>0x4</alignment>
         <input_file_ref idref="fl-1"/>
      </object_component>
      <object_component id="oc-f5">
         <name>.text.DL_Timer_enablePower</name>
         <load_address>0x26bc</load_address>
         <readonly>true</readonly>
         <executable>true</executable>
         <run_address>0x26bc</run_address>
         <size>0x18</size>
         <alignment>0x4</alignment>
         <input_file_ref idref="fl-1"/>
      </object_component>
      <object_component id="oc-f0">
         <name>.text.DL_Timer_reset</name>
         <load_address>0x26d4</load_address>
         <readonly>true</readonly>
         <executable>true</executable>
         <run_address>0x26d4</run_address>
         <size>0x18</size>
         <alignment>0x4</alignment>
         <input_file_ref idref="fl-1"/>
      </object_component>
      <object_component id="oc-e1">
         <name>.text.DL_Timer_startCounter</name>
         <load_address>0x26ec</load_address>
         <readonly>true</readonly>
         <executable>true</executable>
         <run_address>0x26ec</run_address>
         <size>0x18</size>
         <alignment>0x4</alignment>
         <input_file_ref idref="fl-3"/>
      </object_component>
      <object_component id="oc-62">
         <name>.text.DL_Timer_stopCounter</name>
         <load_address>0x2704</load_address>
         <readonly>true</readonly>
         <executable>true</executable>
         <run_address>0x2704</run_address>
         <size>0x18</size>
         <alignment>0x4</alignment>
         <input_file_ref idref="fl-3"/>
      </object_component>
      <object_component id="oc-f6">
         <name>.text.DL_UART_enablePower</name>
         <load_address>0x271c</load_address>
         <readonly>true</readonly>
         <executable>true</executable>
         <run_address>0x271c</run_address>
         <size>0x18</size>
         <alignment>0x4</alignment>
         <input_file_ref idref="fl-1"/>
      </object_component>
      <object_component id="oc-f1">
         <name>.text.DL_UART_reset</name>
         <load_address>0x2734</load_address>
         <readonly>true</readonly>
         <executable>true</executable>
         <run_address>0x2734</run_address>
         <size>0x18</size>
         <alignment>0x4</alignment>
         <input_file_ref idref="fl-1"/>
      </object_component>
      <object_component id="oc-a4">
         <name>.text.Double_ADC_Wait</name>
         <load_address>0x274c</load_address>
         <readonly>true</readonly>
         <executable>true</executable>
         <run_address>0x274c</run_address>
         <size>0x18</size>
         <alignment>0x4</alignment>
         <input_file_ref idref="fl-3"/>
      </object_component>
      <object_component id="oc-14e">
         <name>.text.SYSCFG_DL_DMA_CH0_init</name>
         <load_address>0x2764</load_address>
         <readonly>true</readonly>
         <executable>true</executable>
         <run_address>0x2764</run_address>
         <size>0x18</size>
         <alignment>0x4</alignment>
         <input_file_ref idref="fl-1"/>
      </object_component>
      <object_component id="oc-14f">
         <name>.text.SYSCFG_DL_DMA_CH1_init</name>
         <load_address>0x277c</load_address>
         <readonly>true</readonly>
         <executable>true</executable>
         <run_address>0x277c</run_address>
         <size>0x18</size>
         <alignment>0x4</alignment>
         <input_file_ref idref="fl-1"/>
      </object_component>
      <object_component id="oc-143">
         <name>.text.DL_ADC12_enableConversions</name>
         <load_address>0x2794</load_address>
         <readonly>true</readonly>
         <executable>true</executable>
         <run_address>0x2794</run_address>
         <size>0x16</size>
         <alignment>0x2</alignment>
         <input_file_ref idref="fl-1"/>
      </object_component>
      <object_component id="oc-14d">
         <name>.text.DL_DMA_enableRoundRobinPriority</name>
         <load_address>0x27aa</load_address>
         <readonly>true</readonly>
         <executable>true</executable>
         <run_address>0x27aa</run_address>
         <size>0x16</size>
         <alignment>0x2</alignment>
         <input_file_ref idref="fl-1"/>
      </object_component>
      <object_component id="oc-147">
         <name>.text.DL_OPA_enable</name>
         <load_address>0x27c0</load_address>
         <readonly>true</readonly>
         <executable>true</executable>
         <run_address>0x27c0</run_address>
         <size>0x16</size>
         <alignment>0x2</alignment>
         <input_file_ref idref="fl-1"/>
      </object_component>
      <object_component id="oc-12b">
         <name>.text.DL_UART_enable</name>
         <load_address>0x27d6</load_address>
         <readonly>true</readonly>
         <executable>true</executable>
         <run_address>0x27d6</run_address>
         <size>0x16</size>
         <alignment>0x2</alignment>
         <input_file_ref idref="fl-1"/>
      </object_component>
      <object_component id="oc-1e0">
         <name>.text.OUTLINED_FUNCTION_0</name>
         <load_address>0x27ec</load_address>
         <readonly>true</readonly>
         <executable>true</executable>
         <run_address>0x27ec</run_address>
         <size>0x16</size>
         <alignment>0x2</alignment>
         <input_file_ref idref="fl-3c"/>
      </object_component>
      <object_component id="oc-248">
         <name>.tramp.__aeabi_dadd.1</name>
         <load_address>0x2804</load_address>
         <readonly>true</readonly>
         <executable>true</executable>
         <run_address>0x2804</run_address>
         <size>0x10</size>
         <alignment>0x4</alignment>
         <input_file_ref idref="fl-d1"/>
      </object_component>
      <object_component id="oc-9d">
         <name>.text.UART_Init</name>
         <load_address>0x2814</load_address>
         <readonly>true</readonly>
         <executable>true</executable>
         <run_address>0x2814</run_address>
         <size>0x16</size>
         <alignment>0x2</alignment>
         <input_file_ref idref="fl-6"/>
      </object_component>
      <object_component id="oc-63">
         <name>.text.DL_ADC12_disablePower</name>
         <load_address>0x282a</load_address>
         <readonly>true</readonly>
         <executable>true</executable>
         <run_address>0x282a</run_address>
         <size>0x14</size>
         <alignment>0x2</alignment>
         <input_file_ref idref="fl-3"/>
      </object_component>
      <object_component id="oc-16e">
         <name>.text.DL_ADC12_getFIFOAddress</name>
         <load_address>0x2840</load_address>
         <readonly>true</readonly>
         <executable>true</executable>
         <run_address>0x2840</run_address>
         <size>0x14</size>
         <alignment>0x4</alignment>
         <input_file_ref idref="fl-3"/>
      </object_component>
      <object_component id="oc-100">
         <name>.text.DL_GPIO_clearPins</name>
         <load_address>0x2854</load_address>
         <readonly>true</readonly>
         <executable>true</executable>
         <run_address>0x2854</run_address>
         <size>0x14</size>
         <alignment>0x2</alignment>
         <input_file_ref idref="fl-1"/>
      </object_component>
      <object_component id="oc-108">
         <name>.text.DL_SYSCTL_disableSYSPLL</name>
         <load_address>0x2868</load_address>
         <readonly>true</readonly>
         <executable>true</executable>
         <run_address>0x2868</run_address>
         <size>0x14</size>
         <alignment>0x4</alignment>
         <input_file_ref idref="fl-1"/>
      </object_component>
      <object_component id="oc-119">
         <name>.text.DL_Timer_enableClock</name>
         <load_address>0x287c</load_address>
         <readonly>true</readonly>
         <executable>true</executable>
         <run_address>0x287c</run_address>
         <size>0x14</size>
         <alignment>0x4</alignment>
         <input_file_ref idref="fl-1"/>
      </object_component>
      <object_component id="oc-e0">
         <name>.text.DL_Timer_setTimerCount</name>
         <load_address>0x2890</load_address>
         <readonly>true</readonly>
         <executable>true</executable>
         <run_address>0x2890</run_address>
         <size>0x14</size>
         <alignment>0x2</alignment>
         <input_file_ref idref="fl-3"/>
      </object_component>
      <object_component id="oc-69">
         <name>.text.DL_UART_receiveData</name>
         <load_address>0x28a4</load_address>
         <readonly>true</readonly>
         <executable>true</executable>
         <run_address>0x28a4</run_address>
         <size>0x14</size>
         <alignment>0x4</alignment>
         <input_file_ref idref="fl-6"/>
      </object_component>
      <object_component id="oc-d2">
         <name>.text.SYSCFG_DL_GPAMP_0_init</name>
         <load_address>0x28b8</load_address>
         <readonly>true</readonly>
         <executable>true</executable>
         <run_address>0x28b8</run_address>
         <size>0x14</size>
         <alignment>0x4</alignment>
         <input_file_ref idref="fl-1"/>
      </object_component>
      <object_component id="oc-9e">
         <name>.text.fft_init</name>
         <load_address>0x28cc</load_address>
         <readonly>true</readonly>
         <executable>true</executable>
         <run_address>0x28cc</run_address>
         <size>0x14</size>
         <alignment>0x4</alignment>
         <input_file_ref idref="fl-a"/>
      </object_component>
      <object_component id="oc-61">
         <name>.text.DL_ADC12_getPendingInterrupt</name>
         <load_address>0x28e0</load_address>
         <readonly>true</readonly>
         <executable>true</executable>
         <run_address>0x28e0</run_address>
         <size>0x12</size>
         <alignment>0x2</alignment>
         <input_file_ref idref="fl-3"/>
      </object_component>
      <object_component id="oc-68">
         <name>.text.DL_UART_getPendingInterrupt</name>
         <load_address>0x28f2</load_address>
         <readonly>true</readonly>
         <executable>true</executable>
         <run_address>0x28f2</run_address>
         <size>0x12</size>
         <alignment>0x2</alignment>
         <input_file_ref idref="fl-6"/>
      </object_component>
      <object_component id="oc-120">
         <name>.text.DL_UART_setClockConfig</name>
         <load_address>0x2904</load_address>
         <readonly>true</readonly>
         <executable>true</executable>
         <run_address>0x2904</run_address>
         <size>0x12</size>
         <alignment>0x2</alignment>
         <input_file_ref idref="fl-26"/>
      </object_component>
      <object_component id="oc-8e">
         <name>.text:TI_memcpy_small</name>
         <load_address>0x2916</load_address>
         <readonly>true</readonly>
         <executable>true</executable>
         <run_address>0x2916</run_address>
         <size>0x12</size>
         <alignment>0x1</alignment>
         <input_file_ref idref="fl-ee"/>
      </object_component>
      <object_component id="oc-20">
         <name>.text:decompress:none</name>
         <load_address>0x2928</load_address>
         <readonly>true</readonly>
         <executable>true</executable>
         <run_address>0x2928</run_address>
         <size>0x12</size>
         <alignment>0x2</alignment>
         <input_file_ref idref="fl-46"/>
      </object_component>
      <object_component id="oc-14a">
[...]
         <name>GROUP0_IRQHandler</name>
         <value>0x29db</value>
         <object_component_ref idref="oc-33"/>
      </symbol>
      <symbol id="sm-16c">
         <name>GROUP1_IRQHandler</name>
         <value>0x29db</value>
         <object_component_ref idref="oc-33"/>
      </symbol>
      <symbol id="sm-16d">
         <name>TIMG8_IRQHandler</name>
         <value>0x29db</value>
         <object_component_ref idref="oc-33"/>
      </symbol>
      <symbol id="sm-16e">
         <name>UART3_IRQHandler</name>
         <value>0x29db</value>
         <object_component_ref idref="oc-33"/>
      </symbol>
      <symbol id="sm-16f">
         <name>CANFD0_IRQHandler</name>
         <value>0x29db</value>
         <object_component_ref idref="oc-33"/>
      </symbol>
      <symbol id="sm-170">
         <name>DAC0_IRQHandler</name>
         <value>0x29db</value>
         <object_component_ref idref="oc-33"/>
      </symbol>
      <symbol id="sm-171">
         <name>SPI0_IRQHandler</name>
         <value>0x29db</value>
         <object_component_ref idref="oc-33"/>
      </symbol>
      <symbol id="sm-172">
         <name>SPI1_IRQHandler</name>
         <value>0x29db</value>
         <object_component_ref idref="oc-33"/>
      </symbol>
      <symbol id="sm-173">
         <name>UART1_IRQHandler</name>
         <value>0x29db</value>
         <object_component_ref idref="oc-33"/>
      </symbol>
      <symbol id="sm-174">
         <name>UART2_IRQHandler</name>
         <value>0x29db</value>
         <object_component_ref idref="oc-33"/>
      </symbol>
      <symbol id="sm-175">
         <name>TIMG0_IRQHandler</name>
         <value>0x29db</value>
         <object_component_ref idref="oc-33"/>
      </symbol>
      <symbol id="sm-176">
         <name>TIMG6_IRQHandler</name>
         <value>0x29db</value>
         <object_component_ref idref="oc-33"/>
      </symbol>
      <symbol id="sm-177">
         <name>TIMA0_IRQHandler</name>
         <value>0x29db</value>
         <object_component_ref idref="oc-33"/>
      </symbol>
      <symbol id="sm-178">
         <name>TIMA1_IRQHandler</name>
         <value>0x29db</value>
         <object_component_ref idref="oc-33"/>
      </symbol>
      <symbol id="sm-179">
         <name>TIMG7_IRQHandler</name>
         <value>0x29db</value>
         <object_component_ref idref="oc-33"/>
      </symbol>
      <symbol id="sm-17a">
         <name>TIMG12_IRQHandler</name>
         <value>0x29db</value>
         <object_component_ref idref="oc-33"/>
      </symbol>
      <symbol id="sm-17b">
         <name>I2C0_IRQHandler</name>
         <value>0x29db</value>
         <object_component_ref idref="oc-33"/>
      </symbol>
      <symbol id="sm-17c">
         <name>I2C1_IRQHandler</name>
         <value>0x29db</value>
         <object_component_ref idref="oc-33"/>
      </symbol>
      <symbol id="sm-17d">
         <name>AES_IRQHandler</name>
         <value>0x29db</value>
         <object_component_ref idref="oc-33"/>
      </symbol>
      <symbol id="sm-17e">
         <name>RTC_IRQHandler</name>
         <value>0x29db</value>
         <object_component_ref idref="oc-33"/>
      </symbol>
      <symbol id="sm-17f">
         <name>DMA_IRQHandler</name>
         <value>0x29db</value>
         <object_component_ref idref="oc-33"/>
      </symbol>
      <symbol id="sm-1c7">
         <name>ADC_Set_Freq</name>
         <value>0x1d21</value>
         <object_component_ref idref="oc-de"/>
      </symbol>
      <symbol id="sm-1c8">
         <name>ADC0_DMA0_Init</name>
         <value>0x19ed</value>
         <object_component_ref idref="oc-dd"/>
      </symbol>
      <symbol id="sm-1c9">
         <name>ADC0_IRQHandler</name>
         <value>0x1c99</value>
         <object_component_ref idref="oc-34"/>
      </symbol>
      <symbol id="sm-1ca">
         <name>adcflag</name>
         <value>0x202010c2</value>
      </symbol>
      <symbol id="sm-1cb">
         <name>ADC1_IRQHandler</name>
         <value>0x1cdd</value>
         <object_component_ref idref="oc-39"/>
      </symbol>
      <symbol id="sm-1cc">
         <name>Double_ADC_Wait</name>
         <value>0x274d</value>
         <object_component_ref idref="oc-a4"/>
      </symbol>
      <symbol id="sm-1cd">
         <name>one_ADC0_Start</name>
         <value>0x1c51</value>
         <object_component_ref idref="oc-a3"/>
      </symbol>
      <symbol id="sm-1ea">
         <name>UART_Init</name>
         <value>0x2815</value>
         <object_component_ref idref="oc-9d"/>
      </symbol>
      <symbol id="sm-1eb">
         <name>UART0_IRQHandler</name>
         <value>0x1a3d</value>
         <object_component_ref idref="oc-3a"/>
      </symbol>
      <symbol id="sm-1ec">
         <name>gEchoData</name>
         <value>0x202010c0</value>
      </symbol>
      <symbol id="sm-1ed">
         <name>zs</name>
         <value>0x202010bc</value>
      </symbol>
      <symbol id="sm-1fd">
         <name>generate_hanning_window</name>
         <value>0x15e9</value>
         <object_component_ref idref="oc-d9"/>
      </symbol>
      <symbol id="sm-1fe">
         <name>fft_init</name>
         <value>0x28cd</value>
         <object_component_ref idref="oc-9e"/>
      </symbol>
      <symbol id="sm-1ff">
         <name>hanning_window</name>
         <value>0x20200000</value>
      </symbol>
      <symbol id="sm-208">
         <name>main</name>
         <value>0x2045</value>
         <object_component_ref idref="oc-7f"/>
      </symbol>
      <symbol id="sm-209">
         <name>ADC_Buff0</name>
         <value>0x202010c4</value>
         <object_component_ref idref="oc-a5"/>
      </symbol>
      <symbol id="sm-20a">
         <name>__TI_ATRegion0_src_addr</name>
         <value>0x0</value>
      </symbol>
      <symbol id="sm-20b">
         <name>__TI_ATRegion0_trg_addr</name>
         <value>0x0</value>
      </symbol>
      <symbol id="sm-20c">
         <name>__TI_ATRegion0_region_sz</name>
         <value>0x0</value>
      </symbol>
      <symbol id="sm-20d">
         <name>__TI_ATRegion1_src_addr</name>
         <value>0x0</value>
      </symbol>
      <symbol id="sm-20e">
         <name>__TI_ATRegion1_trg_addr</name>
         <value>0x0</value>
      </symbol>
      <symbol id="sm-20f">
         <name>__TI_ATRegion1_region_sz</name>
         <value>0x0</value>
      </symbol>
      <symbol id="sm-210">
         <name>__TI_ATRegion2_src_addr</name>
         <value>0x0</value>
      </symbol>
      <symbol id="sm-211">
         <name>__TI_ATRegion2_trg_addr</name>
         <value>0x0</value>
      </symbol>
      <symbol id="sm-212">
         <name>__TI_ATRegion2_region_sz</name>
         <value>0x0</value>
      </symbol>
      <symbol id="sm-224">
         <name>DL_ADC12_setClockConfig</name>
         <value>0x1da9</value>
         <object_component_ref idref="oc-132"/>
      </symbol>
      <symbol id="sm-22d">
         <name>DL_Common_delayCycles</name>
         <value>0x2995</value>
         <object_component_ref idref="oc-f9"/>
      </symbol>
      <symbol id="sm-237">
         <name>DL_DMA_initChannel</name>
         <value>0x1ad9</value>
         <object_component_ref idref="oc-18d"/>
      </symbol>
      <symbol id="sm-247">
         <name>DL_Timer_setClockConfig</name>
         <value>0x2549</value>
         <object_component_ref idref="oc-112"/>
      </symbol>
      <symbol id="sm-248">
         <name>DL_Timer_initTimerMode</name>
         <value>0xcd1</value>
         <object_component_ref idref="oc-118"/>
      </symbol>
      <symbol id="sm-255">
         <name>DL_UART_init</name>
         <value>0x1c09</value>
         <object_component_ref idref="oc-126"/>
      </symbol>
      <symbol id="sm-256">
         <name>DL_UART_setClockConfig</name>
         <value>0x2905</value>
         <object_component_ref idref="oc-120"/>
      </symbol>
      <symbol id="sm-264">
         <name>DL_SYSCTL_configSYSPLL</name>
         <value>0xe9d</value>
         <object_component_ref idref="oc-109"/>
      </symbol>
      <symbol id="sm-265">
         <name>DL_SYSCTL_switchMCLKfromSYSOSCtoHSCLK</name>
         <value>0x1d65</value>
         <object_component_ref idref="oc-110"/>
      </symbol>
      <symbol id="sm-285">
         <name>cosf</name>
         <value>0x719</value>
         <object_component_ref idref="oc-160"/>
      </symbol>
      <symbol id="sm-293">
         <name>__aeabi_errno_addr</name>
         <value>0x16d9</value>
         <object_component_ref idref="oc-1ea"/>
      </symbol>
      <symbol id="sm-294">
         <name>__aeabi_errno</name>
         <value>0x202020c4</value>
         <object_component_ref idref="oc-1fd"/>
      </symbol>
      <symbol id="sm-2b0">
         <name>__kernel_rem_pio2</name>
         <value>0xc1</value>
         <object_component_ref idref="oc-1ae"/>
      </symbol>
      <symbol id="sm-2be">
         <name>_c_int00_noargs</name>
         <value>0x22a9</value>
         <object_component_ref idref="oc-5a"/>
      </symbol>
      <symbol id="sm-2bf">
         <name>__stack</name>
         <value>0x20207e00</value>
         <object_component_ref idref="oc-1a"/>
      </symbol>
      <symbol id="sm-2cb">
         <name>__TI_auto_init_nobinit_nopinit</name>
         <value>0x1f25</value>
         <object_component_ref idref="oc-af"/>
      </symbol>
      <symbol id="sm-2d3">
         <name>_system_pre_init</name>
         <value>0x29f9</value>
         <object_component_ref idref="oc-7b"/>
      </symbol>
      <symbol id="sm-2de">
         <name>__TI_zero_init</name>
         <value>0x295d</value>
         <object_component_ref idref="oc-57"/>
      </symbol>
      <symbol id="sm-2e7">
         <name>__TI_decompress_none</name>
         <value>0x2929</value>
         <object_component_ref idref="oc-20"/>
      </symbol>
      <symbol id="sm-2f2">
         <name>__TI_decompress_lzss</name>
         <value>0x1661</value>
         <object_component_ref idref="oc-1c"/>
      </symbol>
      <symbol id="sm-301">
         <name>floor</name>
         <value>0xa81</value>
         <object_component_ref idref="oc-1d5"/>
      </symbol>
      <symbol id="sm-302">
         <name>floorl</name>
         <value>0xa81</value>
         <object_component_ref idref="oc-1d5"/>
      </symbol>
      <symbol id="sm-30c">
         <name>scalbn</name>
         <value>0xf79</value>
         <object_component_ref idref="oc-1d1"/>
      </symbol>
      <symbol id="sm-30d">
         <name>ldexp</name>
         <value>0xf79</value>
         <object_component_ref idref="oc-1d1"/>
      </symbol>
      <symbol id="sm-30e">
         <name>scalbnl</name>
         <value>0xf79</value>
         <object_component_ref idref="oc-1d1"/>
      </symbol>
      <symbol id="sm-30f">
         <name>ldexpl</name>
         <value>0xf79</value>
         <object_component_ref idref="oc-1d1"/>
      </symbol>
      <symbol id="sm-319">
         <name>abort</name>
         <value>0x29fd</value>
         <object_component_ref idref="oc-a8"/>
      </symbol>
      <symbol id="sm-31a">
         <name>C$$EXIT</name>
         <value>0x29fc</value>
         <object_component_ref idref="oc-a8"/>
      </symbol>
      <symbol id="sm-33a">
         <name>__aeabi_fadd</name>
         <value>0x105b</value>
         <object_component_ref idref="oc-166"/>
      </symbol>
      <symbol id="sm-33b">
         <name>__addsf3</name>
         <value>0x105b</value>
         <object_component_ref idref="oc-166"/>
      </symbol>
      <symbol id="sm-33c">
         <name>__aeabi_fsub</name>
         <value>0x1051</value>
         <object_component_ref idref="oc-166"/>
      </symbol>
      <symbol id="sm-33d">
         <name>__subsf3</name>
         <value>0x1051</value>
         <object_component_ref idref="oc-166"/>
      </symbol>
      <symbol id="sm-343">
         <name>__aeabi_dadd</name>
         <value>0x8f7</value>
         <object_component_ref idref="oc-1a1"/>
      </symbol>
      <symbol id="sm-344">
         <name>__adddf3</name>
         <value>0x8f7</value>
         <object_component_ref idref="oc-1a1"/>
      </symbol>
      <symbol id="sm-345">
         <name>__aeabi_dsub</name>
         <value>0x8ed</value>
         <object_component_ref idref="oc-1a1"/>
      </symbol>
      <symbol id="sm-346">
         <name>__subdf3</name>
         <value>0x8ed</value>
         <object_component_ref idref="oc-1a1"/>
      </symbol>
      <symbol id="sm-34f">
         <name>__aeabi_dmul</name>
         <value>0xdb9</value>
         <object_component_ref idref="oc-154"/>
      </symbol>
      <symbol id="sm-350">
         <name>__muldf3</name>
         <value>0xdb9</value>
         <object_component_ref idref="oc-154"/>
      </symbol>
      <symbol id="sm-359">
         <name>__muldsi3</name>
         <value>0x1f61</value>
         <object_component_ref idref="oc-194"/>
      </symbol>
      <symbol id="sm-35f">
         <name>__aeabi_fmul</name>
         <value>0x1451</value>
         <object_component_ref idref="oc-16a"/>
      </symbol>
      <symbol id="sm-360">
         <name>__mulsf3</name>
         <value>0x1451</value>
         <object_component_ref idref="oc-16a"/>
      </symbol>
      <symbol id="sm-366">
         <name>__aeabi_ddiv</name>
         <value>0xbc5</value>
         <object_component_ref idref="oc-158"/>
      </symbol>
      <symbol id="sm-367">
         <name>__divdf3</name>
         <value>0xbc5</value>
         <object_component_ref idref="oc-158"/>
      </symbol>
      <symbol id="sm-36d">
         <name>__aeabi_f2d</name>
         <value>0x1ea9</value>
         <object_component_ref idref="oc-1aa"/>
      </symbol>
      <symbol id="sm-36e">
         <name>__extendsfdf2</name>
         <value>0x1ea9</value>
         <object_component_ref idref="oc-1aa"/>
      </symbol>
      <symbol id="sm-377">
         <name>__aeabi_d2iz</name>
         <value>0x1bbd</value>
         <object_component_ref idref="oc-1a5"/>
      </symbol>
      <symbol id="sm-378">
         <name>__fixdfsi</name>
         <value>0x1bbd</value>
         <object_component_ref idref="oc-1a5"/>
      </symbol>
      <symbol id="sm-37e">
         <name>__aeabi_f2iz</name>
         <value>0x200d</value>
         <object_component_ref idref="oc-19b"/>
      </symbol>
      <symbol id="sm-37f">
         <name>__fixsfsi</name>
         <value>0x200d</value>
         <object_component_ref idref="oc-19b"/>
      </symbol>
      <symbol id="sm-385">
         <name>__aeabi_i2d</name>
         <value>0x21b5</value>
         <object_component_ref idref="oc-1cd"/>
      </symbol>
      <symbol id="sm-386">
         <name>__floatsidf</name>
         <value>0x21b5</value>
         <object_component_ref idref="oc-1cd"/>
      </symbol>
      <symbol id="sm-38c">
         <name>__aeabi_i2f</name>
         <value>0x1ee9</value>
         <object_component_ref idref="oc-6a"/>
      </symbol>
      <symbol id="sm-38d">
         <name>__floatsisf</name>
         <value>0x1ee9</value>
         <object_component_ref idref="oc-6a"/>
      </symbol>
      <symbol id="sm-393">
         <name>__aeabi_ui2d</name>
         <value>0x2389</value>
         <object_component_ref idref="oc-150"/>
      </symbol>
      <symbol id="sm-394">
         <name>__floatunsidf</name>
         <value>0x2389</value>
         <object_component_ref idref="oc-150"/>
      </symbol>
      <symbol id="sm-39b">
         <name>__aeabi_d2f</name>
         <value>0x16e1</value>
         <object_component_ref idref="oc-15c"/>
      </symbol>
      <symbol id="sm-39c">
         <name>__truncdfsf2</name>
         <value>0x16e1</value>
         <object_component_ref idref="oc-15c"/>
      </symbol>
      <symbol id="sm-3a2">
         <name>__aeabi_dcmpeq</name>
         <value>0x1831</value>
         <object_component_ref idref="oc-1da"/>
      </symbol>
      <symbol id="sm-3a3">
         <name>__aeabi_dcmplt</name>
         <value>0x1845</value>
         <object_component_ref idref="oc-1da"/>
      </symbol>
      <symbol id="sm-3a4">
         <name>__aeabi_dcmple</name>
         <value>0x1859</value>
         <object_component_ref idref="oc-1da"/>
      </symbol>
      <symbol id="sm-3a5">
         <name>__aeabi_dcmpge</name>
         <value>0x186d</value>
         <object_component_ref idref="oc-1da"/>
      </symbol>
      <symbol id="sm-3a6">
         <name>__aeabi_dcmpgt</name>
         <value>0x1881</value>
         <object_component_ref idref="oc-1da"/>
      </symbol>
      <symbol id="sm-3ac">
         <name>__aeabi_idiv</name>
         <value>0x18ed</value>
         <object_component_ref idref="oc-1c9"/>
      </symbol>
      <symbol id="sm-3ad">
         <name>__aeabi_idivmod</name>
         <value>0x18ed</value>
         <object_component_ref idref="oc-1c9"/>
      </symbol>
      <symbol id="sm-3b3">
         <name>__aeabi_memcpy</name>
         <value>0x29b5</value>
         <object_component_ref idref="oc-4a"/>
      </symbol>
      <symbol id="sm-3b4">
         <name>__aeabi_memcpy4</name>
         <value>0x29b5</value>
         <object_component_ref idref="oc-4a"/>
      </symbol>
      <symbol id="sm-3b5">
         <name>__aeabi_memcpy8</name>
         <value>0x29b5</value>
         <object_component_ref idref="oc-4a"/>
      </symbol>
      <symbol id="sm-3bc">
         <name>__aeabi_memclr</name>
         <value>0x2989</value>
         <object_component_ref idref="oc-76"/>
      </symbol>
      <symbol id="sm-3bd">
         <name>__aeabi_memclr4</name>
         <value>0x2989</value>
         <object_component_ref idref="oc-76"/>
      </symbol>
      <symbol id="sm-3be">
         <name>__aeabi_memclr8</name>
         <value>0x2989</value>
         <object_component_ref idref="oc-76"/>
      </symbol>
      <symbol id="sm-3c4">
         <name>__aeabi_uidiv</name>
         <value>0x1e69</value>
         <object_component_ref idref="oc-174"/>
      </symbol>
      <symbol id="sm-3c5">
         <name>__aeabi_uidivmod</name>
         <value>0x1e69</value>
         <object_component_ref idref="oc-174"/>
      </symbol>
      <symbol id="sm-3d3">
         <name>__ledf2</name>
         <value>0x17c5</value>
         <object_component_ref idref="oc-1f5"/>
      </symbol>
      <symbol id="sm-3d4">
         <name>__gedf2</name>
         <value>0x1755</value>
         <object_component_ref idref="oc-1fb"/>
      </symbol>
      <symbol id="sm-3d5">
         <name>__cmpdf2</name>
         <value>0x17c5</value>
         <object_component_ref idref="oc-1f5"/>
      </symbol>
      <symbol id="sm-3d6">
         <name>__eqdf2</name>
         <value>0x17c5</value>
         <object_component_ref idref="oc-1f5"/>
      </symbol>
      <symbol id="sm-3d7">
         <name>__ltdf2</name>
         <value>0x17c5</value>
         <object_component_ref idref="oc-1f5"/>
      </symbol>
      <symbol id="sm-3d8">
         <name>__nedf2</name>
         <value>0x17c5</value>
         <object_component_ref idref="oc-1f5"/>
      </symbol>
      <symbol id="sm-3d9">
         <name>__gtdf2</name>
         <value>0x1755</value>
         <object_component_ref idref="oc-1fb"/>
      </symbol>
      <symbol id="sm-3e3">
         <name>__aeabi_idiv0</name>
         <value>0xa7f</value>
         <object_component_ref idref="oc-1b9"/>
      </symbol>
      <symbol id="sm-3ed">
         <name>TI_memcpy_small</name>
         <value>0x2917</value>
         <object_component_ref idref="oc-8e"/>
      </symbol>
      <symbol id="sm-3f6">
         <name>TI_memset_small</name>
         <value>0x297b</value>
         <object_component_ref idref="oc-c2"/>
      </symbol>
      <symbol id="sm-3f7">
         <name>__TI_static_base__</name>
         <value>0x0</value>
      </symbol>
      <symbol id="sm-3fb">
         <name>__mpu_init</name>
         <value>0x0</value>
      </symbol>
      <symbol id="sm-3fc">
         <name>_system_post_cinit</name>
         <value>0x0</value>
      </symbol>
   </symbol_table>
   <title>Link successful</title>
</link_info>
